Component: ARM Compiler 5.05 (build 41) Tool: armlink [4d0eb9]

==============================================================================

Section Cross References

    system_stm32f10x.o(.text) refers to system_stm32f10x.o(.data) for SystemCoreClock
    startup_stm32f10x_md.o(STACK) refers (Special) to heapauxi.o(.text) for __use_two_region_memory
    startup_stm32f10x_md.o(HEAP) refers (Special) to heapauxi.o(.text) for __use_two_region_memory
    startup_stm32f10x_md.o(RESET) refers (Special) to heapauxi.o(.text) for __use_two_region_memory
    startup_stm32f10x_md.o(RESET) refers to startup_stm32f10x_md.o(STACK) for __initial_sp
    startup_stm32f10x_md.o(RESET) refers to startup_stm32f10x_md.o(.text) for Reset_Handler
    startup_stm32f10x_md.o(RESET) refers to stm32f10x_it.o(.text) for NMI_Handler
    startup_stm32f10x_md.o(RESET) refers to tim.o(.text) for TIM2_IRQHandler
    startup_stm32f10x_md.o(RESET) refers to uart1.o(.text) for USART1_IRQHandler
    startup_stm32f10x_md.o(.text) refers (Special) to heapauxi.o(.text) for __use_two_region_memory
    startup_stm32f10x_md.o(.text) refers to system_stm32f10x.o(.text) for SystemInit
    startup_stm32f10x_md.o(.text) refers to __main.o(!!!main) for __main
    startup_stm32f10x_md.o(.text) refers to startup_stm32f10x_md.o(HEAP) for Heap_Mem
    startup_stm32f10x_md.o(.text) refers to startup_stm32f10x_md.o(STACK) for Stack_Mem
    delay.o(.text) refers to noretval__2printf.o(.text) for __2printf
    delay.o(.text) refers to stm32f10x_it.o(.text) for micros
    delay.o(.text) refers to delay.o(.data) for fac_us
    led.o(.text) refers to stm32f10x_rcc.o(.text) for RCC_APB2PeriphClockCmd
    led.o(.text) refers to stm32f10x_gpio.o(.text) for GPIO_Init
    led.o(.text) refers to led.o(.data) for LEDBuf
    mpu6050.o(.text) refers to iic.o(.text) for IICwriteBits
    mpu6050.o(.text) refers to noretval__2printf.o(.text) for __2printf
    mpu6050.o(.text) refers to delay.o(.text) for delay_ms
    mpu6050.o(.text) refers to mpu6050.o(.bss) for buffer
    iic.o(.text) refers to stm32f10x_rcc.o(.text) for RCC_APB2PeriphClockCmd
    iic.o(.text) refers to stm32f10x_gpio.o(.text) for GPIO_Init
    iic.o(.text) refers to noretval__2printf.o(.text) for __2printf
    iic.o(.text) refers to delay.o(.text) for delay_us
    tim.o(.text) refers to stm32f10x_tim.o(.text) for TIM_GetITStatus
    tim.o(.text) refers to stm32f10x_rcc.o(.text) for RCC_APB1PeriphClockCmd
    tim.o(.text) refers to noretval__2printf.o(.text) for __2printf
    tim.o(.text) refers to misc.o(.text) for NVIC_PriorityGroupConfig
    tim.o(.text) refers to tim.o(.data) for anyCnt
    moto.o(.text) refers to stm32f10x_rcc.o(.text) for RCC_APB2PeriphClockCmd
    moto.o(.text) refers to stm32f10x_gpio.o(.text) for GPIO_Init
    moto.o(.text) refers to stm32f10x_tim.o(.text) for TIM_DeInit
    moto.o(.text) refers to noretval__2printf.o(.text) for __2printf
    moto.o(.text) refers to system_stm32f10x.o(.data) for SystemCoreClock
    nrf24l01.o(.text) refers to stm32f10x_gpio.o(.text) for GPIO_ResetBits
    nrf24l01.o(.text) refers to spi.o(.text) for SPI_RW
    nrf24l01.o(.text) refers to noretval__2printf.o(.text) for __2printf
    nrf24l01.o(.text) refers to receivedata.o(.text) for NRFmatching
    nrf24l01.o(.text) refers to nrf24l01.o(.data) for RX_ADDRESS
    nrf24l01.o(.text) refers to nrf24l01.o(.bss) for NRF24L01_RXDATA
    spi.o(.text) refers to stm32f10x_rcc.o(.text) for RCC_APB2PeriphClockCmd
    spi.o(.text) refers to stm32f10x_gpio.o(.text) for GPIO_Init
    spi.o(.text) refers to stm32f10x_spi.o(.text) for SPI_Init
    spi.o(.text) refers to noretval__2printf.o(.text) for __2printf
    stmflash.o(.text) refers to noretval__2printf.o(.text) for __2printf
    stmflash.o(.text) refers to delay.o(.text) for delay_us
    stmflash.o(.text) refers to stmflash.o(.bss) for STMFLASH_BUF
    uart1.o(.text) refers (Special) to use_no_semi_2.o(.text) for __use_no_semihosting
    uart1.o(.text) refers to _printf_percent.o(.ARM.Collect$$_printf_percent$$00000000) for _printf_percent
    uart1.o(.text) refers to _printf_d.o(.ARM.Collect$$_printf_percent$$00000009) for _printf_d
    uart1.o(.text) refers to _printf_dec.o(.text) for _printf_int_dec
    uart1.o(.text) refers to misc.o(.text) for NVIC_Init
    uart1.o(.text) refers to stm32f10x_gpio.o(.text) for GPIO_Init
    uart1.o(.text) refers to stm32f10x_usart.o(.text) for USART_Init
    uart1.o(.text) refers to noretval__2printf.o(.text) for __2printf
    uart1.o(.text) refers to commapp.o(.text) for CommApp
    uart1.o(.text) refers to uart1.o(.bss) for UartTxbuf
    uart1.o(.text) refers to uart1.o(.data) for Udatatmp
    uart1.o(.bss) refers (Special) to use_no_semi_2.o(.text) for __use_no_semihosting
    uart1.o(.data) refers (Special) to use_no_semi_2.o(.text) for __use_no_semihosting
    dmp.o(.text) refers to mpu6050.o(.text) for MPU6050_reset
    dmp.o(.text) refers to delay.o(.text) for delay_ms
[...]
    __cxa_finalize                            - Undefined Weak Reference
    __rt_locale                               - Undefined Weak Reference
    __sigvec_lookup                           - Undefined Weak Reference
    _atexit_init                              - Undefined Weak Reference
    _call_atexit_fns                          - Undefined Weak Reference
    _clock_init                               - Undefined Weak Reference
    _fp_trap_init                             - Undefined Weak Reference
    _fp_trap_shutdown                         - Undefined Weak Reference
    _get_lc_collate                           - Undefined Weak Reference
    _get_lc_ctype                             - Undefined Weak Reference
    _get_lc_monetary                          - Undefined Weak Reference
    _get_lc_numeric                           - Undefined Weak Reference
    _get_lc_time                              - Undefined Weak Reference
    _getenv_init                              - Undefined Weak Reference
    _handle_redirection                       - Undefined Weak Reference
    _init_alloc                               - Undefined Weak Reference
    _init_user_alloc                          - Undefined Weak Reference
    _initio                                   - Undefined Weak Reference
    _mutex_acquire                            - Undefined Weak Reference
    _mutex_release                            - Undefined Weak Reference
    _printf_post_padding                      - Undefined Weak Reference
    _printf_pre_padding                       - Undefined Weak Reference
    _printf_truncate_signed                   - Undefined Weak Reference
    _printf_truncate_unsigned                 - Undefined Weak Reference
    _rand_init                                - Undefined Weak Reference
    _signal_finish                            - Undefined Weak Reference
    _signal_init                              - Undefined Weak Reference
    _terminate_alloc                          - Undefined Weak Reference
    _terminate_user_alloc                     - Undefined Weak Reference
    _terminateio                              - Undefined Weak Reference
    __Vectors_Size                           0x000000ec   Number         0  startup_stm32f10x_md.o ABSOLUTE
    __Vectors                                0x08000000   Data           4  startup_stm32f10x_md.o(RESET)
    __Vectors_End                            0x080000ec   Data           0  startup_stm32f10x_md.o(RESET)
    __main                                   0x080000ed   Thumb Code     8  __main.o(!!!main)
    __scatterload                            0x080000f5   Thumb Code     0  __scatter.o(!!!scatter)
    __scatterload_rt2                        0x080000f5   Thumb Code    44  __scatter.o(!!!scatter)
    __scatterload_rt2_thumb_only             0x080000f5   Thumb Code     0  __scatter.o(!!!scatter)
    __scatterload_null                       0x08000103   Thumb Code     0  __scatter.o(!!!scatter)
    __decompress                             0x08000129   Thumb Code    90  __dczerorl2.o(!!dczerorl2)
    __decompress1                            0x08000129   Thumb Code     0  __dczerorl2.o(!!dczerorl2)
    __scatterload_zeroinit                   0x08000185   Thumb Code    28  __scatter_zi.o(!!handler_zi)
    _printf_d                                0x080001a1   Thumb Code     0  _printf_d.o(.ARM.Collect$$_printf_percent$$00000009)
    _printf_percent                          0x080001a1   Thumb Code     0  _printf_percent.o(.ARM.Collect$$_printf_percent$$00000000)
    _printf_x                                0x080001a7   Thumb Code     0  _printf_x.o(.ARM.Collect$$_printf_percent$$0000000C)
    _printf_percent_end                      0x080001ad   Thumb Code     0  _printf_percent_end.o(.ARM.Collect$$_printf_percent$$00000017)
    __rt_lib_init                            0x080001b1   Thumb Code     0  libinit.o(.ARM.Collect$$libinit$$00000000)
    __rt_lib_init_alloca_1                   0x080001b3   Thumb Code     0  libinit2.o(.ARM.Collect$$libinit$$0000002E)
    __rt_lib_init_argv_1                     0x080001b3   Thumb Code     0  libinit2.o(.ARM.Collect$$libinit$$0000002C)
    __rt_lib_init_atexit_1                   0x080001b3   Thumb Code     0  libinit2.o(.ARM.Collect$$libinit$$0000001B)
    __rt_lib_init_clock_1                    0x080001b3   Thumb Code     0  libinit2.o(.ARM.Collect$$libinit$$00000021)
    __rt_lib_init_cpp_1                      0x080001b3   Thumb Code     0  libinit2.o(.ARM.Collect$$libinit$$00000032)
    __rt_lib_init_exceptions_1               0x080001b3   Thumb Code     0  libinit2.o(.ARM.Collect$$libinit$$00000030)
    __rt_lib_init_fp_1                       0x080001b3   Thumb Code     0  libinit2.o(.ARM.Collect$$libinit$$00000002)
    __rt_lib_init_fp_trap_1                  0x080001b3   Thumb Code     0  libinit2.o(.ARM.Collect$$libinit$$0000001F)
    __rt_lib_init_getenv_1                   0x080001b3   Thumb Code     0  libinit2.o(.ARM.Collect$$libinit$$00000023)
    __rt_lib_init_heap_1                     0x080001b3   Thumb Code     0  libinit2.o(.ARM.Collect$$libinit$$0000000A)
    __rt_lib_init_lc_collate_1               0x080001b3   Thumb Code     0  libinit2.o(.ARM.Collect$$libinit$$00000011)
    __rt_lib_init_lc_ctype_1                 0x080001b3   Thumb Code     0  libinit2.o(.ARM.Collect$$libinit$$00000013)
    __rt_lib_init_lc_monetary_1              0x080001b3   Thumb Code     0  libinit2.o(.ARM.Collect$$libinit$$00000015)
    __rt_lib_init_lc_numeric_1               0x080001b3   Thumb Code     0  libinit2.o(.ARM.Collect$$libinit$$00000017)
    __rt_lib_init_lc_time_1                  0x080001b3   Thumb Code     0  libinit2.o(.ARM.Collect$$libinit$$00000019)
    __rt_lib_init_preinit_1                  0x080001b3   Thumb Code     0  libinit2.o(.ARM.Collect$$libinit$$00000004)
    __rt_lib_init_rand_1                     0x080001b3   Thumb Code     0  libinit2.o(.ARM.Collect$$libinit$$0000000E)
    __rt_lib_init_return                     0x080001b3   Thumb Code     0  libinit2.o(.ARM.Collect$$libinit$$00000033)
    __rt_lib_init_signal_1                   0x080001b3   Thumb Code     0  libinit2.o(.ARM.Collect$$libinit$$0000001D)
    __rt_lib_init_stdio_1                    0x080001b3   Thumb Code     0  libinit2.o(.ARM.Collect$$libinit$$00000025)
    __rt_lib_init_user_alloc_1               0x080001b3   Thumb Code     0  libinit2.o(.ARM.Collect$$libinit$$0000000C)
    __rt_lib_shutdown                        0x080001b5   Thumb Code     0  libshutdown.o(.ARM.Collect$$libshutdown$$00000000)
    __rt_lib_shutdown_fp_trap_1              0x080001b7   Thumb Code     0  libshutdown2.o(.ARM.Collect$$libshutdown$$00000006)
    __rt_lib_shutdown_heap_1                 0x080001b7   Thumb Code     0  libshutdown2.o(.ARM.Collect$$libshutdown$$0000000E)
    __rt_lib_shutdown_return                 0x080001b7   Thumb Code     0  libshutdown2.o(.ARM.Collect$$libshutdown$$0000000F)
    __rt_lib_shutdown_signal_1               0x080001b7   Thumb Code     0  libshutdown2.o(.ARM.Collect$$libshutdown$$00000009)
    __rt_lib_shutdown_stdio_1                0x080001b7   Thumb Code     0  libshutdown2.o(.ARM.Collect$$libshutdown$$00000003)
    __rt_lib_shutdown_user_alloc_1           0x080001b7   Thumb Code     0  libshutdown2.o(.ARM.Collect$$libshutdown$$0000000B)
    __rt_entry                               0x080001b9   Thumb Code     0  __rtentry.o(.ARM.Collect$$rtentry$$00000000)
    __rt_entry_presh_1                       0x080001b9   Thumb Code     0  __rtentry2.o(.ARM.Collect$$rtentry$$00000002)
    __rt_entry_sh                            0x080001b9   Thumb Code     0  __rtentry4.o(.ARM.Collect$$rtentry$$00000004)
    __rt_entry_li                            0x080001bf   Thumb Code     0  __rtentry2.o(.ARM.Collect$$rtentry$$0000000A)
    __rt_entry_postsh_1                      0x080001bf   Thumb Code     0  __rtentry2.o(.ARM.Collect$$rtentry$$00000009)
    __rt_entry_main                          0x080001c3   Thumb Code     0  __rtentry2.o(.ARM.Collect$$rtentry$$0000000D)
    __rt_entry_postli_1                      0x080001c3   Thumb Code     0  __rtentry2.o(.ARM.Collect$$rtentry$$0000000C)
    __rt_exit                                0x080001cb   Thumb Code     0  rtexit.o(.ARM.Collect$$rtexit$$00000000)
    __rt_exit_ls                             0x080001cd   Thumb Code     0  rtexit2.o(.ARM.Collect$$rtexit$$00000003)
    __rt_exit_prels_1                        0x080001cd   Thumb Code     0  rtexit2.o(.ARM.Collect$$rtexit$$00000002)
    __rt_exit_exit                           0x080001d1   Thumb Code     0  rtexit2.o(.ARM.Collect$$rtexit$$00000004)
    SystemInit                               0x080002b7   Thumb Code    78  system_stm32f10x.o(.text)
    SystemCoreClockUpdate                    0x08000305   Thumb Code   142  system_stm32f10x.o(.text)
    Reset_Handler                            0x080003b9   Thumb Code     8  startup_stm32f10x_md.o(.text)
    ADC1_2_IRQHandler                        0x080003d3   Thumb Code     0  startup_stm32f10x_md.o(.text)
    CAN1_RX1_IRQHandler                      0x080003d3   Thumb Code     0  startup_stm32f10x_md.o(.text)
    CAN1_SCE_IRQHandler                      0x080003d3   Thumb Code     0  startup_stm32f10x_md.o(.text)
    DMA1_Channel1_IRQHandler                 0x080003d3   Thumb Code     0  startup_stm32f10x_md.o(.text)
    DMA1_Channel2_IRQHandler                 0x080003d3   Thumb Code     0  startup_stm32f10x_md.o(.text)
    DMA1_Channel3_IRQHandler                 0x080003d3   Thumb Code     0  startup_stm32f10x_md.o(.text)
    DMA1_Channel4_IRQHandler                 0x080003d3   Thumb Code     0  startup_stm32f10x_md.o(.text)
    DMA1_Channel5_IRQHandler                 0x080003d3   Thumb Code     0  startup_stm32f10x_md.o(.text)
    DMA1_Channel6_IRQHandler                 0x080003d3   Thumb Code     0  startup_stm32f10x_md.o(.text)
    DMA1_Channel7_IRQHandler                 0x080003d3   Thumb Code     0  startup_stm32f10x_md.o(.text)
    EXTI0_IRQHandler                         0x080003d3   Thumb Code     0  startup_stm32f10x_md.o(.text)
    EXTI15_10_IRQHandler                     0x080003d3   Thumb Code     0  startup_stm32f10x_md.o(.text)
    EXTI1_IRQHandler                         0x080003d3   Thumb Code     0  startup_stm32f10x_md.o(.text)
    EXTI2_IRQHandler                         0x080003d3   Thumb Code     0  startup_stm32f10x_md.o(.text)
    EXTI3_IRQHandler                         0x080003d3   Thumb Code     0  startup_stm32f10x_md.o(.text)
    EXTI4_IRQHandler                         0x080003d3   Thumb Code     0  startup_stm32f10x_md.o(.text)
    EXTI9_5_IRQHandler                       0x080003d3   Thumb Code     0  startup_stm32f10x_md.o(.text)
    FLASH_IRQHandler                         0x080003d3   Thumb Code     0  startup_stm32f10x_md.o(.text)
    I2C1_ER_IRQHandler                       0x080003d3   Thumb Code     0  startup_stm32f10x_md.o(.text)
    I2C1_EV_IRQHandler                       0x080003d3   Thumb Code     0  startup_stm32f10x_md.o(.text)
    I2C2_ER_IRQHandler                       0x080003d3   Thumb Code     0  startup_stm32f10x_md.o(.text)
    I2C2_EV_IRQHandler                       0x080003d3   Thumb Code     0  startup_stm32f10x_md.o(.text)
    PVD_IRQHandler                           0x080003d3   Thumb Code     0  startup_stm32f10x_md.o(.text)
    RCC_IRQHandler                           0x080003d3   Thumb Code     0  startup_stm32f10x_md.o(.text)
    RTCAlarm_IRQHandler                      0x080003d3   Thumb Code     0  startup_stm32f10x_md.o(.text)
    RTC_IRQHandler                           0x080003d3   Thumb Code     0  startup_stm32f10x_md.o(.text)
    SPI1_IRQHandler                          0x080003d3   Thumb Code     0  startup_stm32f10x_md.o(.text)
    SPI2_IRQHandler                          0x080003d3   Thumb Code     0  startup_stm32f10x_md.o(.text)
    TAMPER_IRQHandler                        0x080003d3   Thumb Code     0  startup_stm32f10x_md.o(.text)
    TIM1_BRK_IRQHandler                      0x080003d3   Thumb Code     0  startup_stm32f10x_md.o(.text)
    TIM1_CC_IRQHandler                       0x080003d3   Thumb Code     0  startup_stm32f10x_md.o(.text)
    TIM1_TRG_COM_IRQHandler                  0x080003d3   Thumb Code     0  startup_stm32f10x_md.o(.text)
    TIM1_UP_IRQHandler                       0x080003d3   Thumb Code     0  startup_stm32f10x_md.o(.text)
    TIM3_IRQHandler                          0x080003d3   Thumb Code     0  startup_stm32f10x_md.o(.text)
    TIM4_IRQHandler                          0x080003d3   Thumb Code     0  startup_stm32f10x_md.o(.text)
    USART3_IRQHandler                        0x080003d3   Thumb Code     0  startup_stm32f10x_md.o(.text)
    USBWakeUp_IRQHandler                     0x080003d3   Thumb Code     0  startup_stm32f10x_md.o(.text)
    USB_HP_CAN1_TX_IRQHandler                0x080003d3   Thumb Code     0  startup_stm32f10x_md.o(.text)
    USB_LP_CAN1_RX0_IRQHandler               0x080003d3   Thumb Code     0  startup_stm32f10x_md.o(.text)
    WWDG_IRQHandler                          0x080003d3   Thumb Code     0  startup_stm32f10x_md.o(.text)
    __user_initial_stackheap                 0x080003d5   Thumb Code     0  startup_stm32f10x_md.o(.text)
    delay_init                               0x080003f9   Thumb Code    66  delay.o(.text)
    delay_ms                                 0x0800043b   Thumb Code    34  delay.o(.text)
    delay_us                                 0x0800045d   Thumb Code    24  delay.o(.text)
    Delay                                    0x08000475   Thumb Code    12  delay.o(.text)
    LedInit                                  0x080004ad   Thumb Code   126  led.o(.text)
    LEDReflash                               0x0800052b   Thumb Code   132  led.o(.text)
    LEDFSM                                   0x080005af   Thumb Code   216  led.o(.text)
    MPU6050_is_DRY                           0x0800069d   Thumb Code     4  mpu6050.o(.text)
    MPU6050_setClockSource                   0x080006a1   Thumb Code    20  mpu6050.o(.text)
    MPU6050_reset                            0x080006b5   Thumb Code    16  mpu6050.o(.text)
    MPU6050_setFullScaleGyroRange            0x080006c5   Thumb Code    20  mpu6050.o(.text)
    MPU6050_setFullScaleAccelRange           0x080006d9   Thumb Code    20  mpu6050.o(.text)
    MPU6050_setSleepEnabled                  0x080006ed   Thumb Code    18  mpu6050.o(.text)
    MPU6050_getDeviceID                      0x080006ff   Thumb Code    20  mpu6050.o(.text)
    MPU6050_testConnection                   0x08000713   Thumb Code    18  mpu6050.o(.text)
    MPU6050_setI2CMasterModeEnabled          0x08000725   Thumb Code    18  mpu6050.o(.text)
    MPU6050_setI2CBypassEnabled              0x08000737   Thumb Code    18  mpu6050.o(.text)
    MPU6050_Check                            0x08000749   Thumb Code    34  mpu6050.o(.text)
    MPU6050_initialize                       0x0800076b   Thumb Code    76  mpu6050.o(.text)
    MPU6050AccRead                           0x080007b7   Thumb Code    66  mpu6050.o(.text)
    MPU6050GyroRead                          0x080007f9   Thumb Code    66  mpu6050.o(.text)
    MPU6050_setAccOffset                     0x0800083b   Thumb Code    56  mpu6050.o(.text)
    MPU6050_setGyroOffset                    0x08000873   Thumb Code    56  mpu6050.o(.text)
    MPU6050_setMemoryBank                    0x080008ab   Thumb Code    36  mpu6050.o(.text)
    MPU6050_setMemoryStartAddress            0x080008cf   Thumb Code    16  mpu6050.o(.text)
    MPU6050_readMemoryByte                   0x080008df   Thumb Code    20  mpu6050.o(.text)
    MPU6050_getXGyroOffset                   0x080008f3   Thumb Code    30  mpu6050.o(.text)
    MPU6050_getYGyroOffset                   0x08000911   Thumb Code    30  mpu6050.o(.text)
    MPU6050_getZGyroOffset                   0x0800092f   Thumb Code    30  mpu6050.o(.text)
    MPU6050_writeMemoryBlock                 0x0800094d   Thumb Code   188  mpu6050.o(.text)
    MPU6050_writeDMPConfigurationSet         0x08000a09   Thumb Code   130  mpu6050.o(.text)
    MPU6050_writeProgMemoryBlock             0x08000a8b   Thumb Code    38  mpu6050.o(.text)
    MPU6050_writeProgDMPConfigurationSet     0x08000ab1   Thumb Code    18  mpu6050.o(.text)
    MPU6050_setIntEnabled                    0x08000ac3   Thumb Code    16  mpu6050.o(.text)
    MPU6050_setRate                          0x08000ad3   Thumb Code    78  mpu6050.o(.text)
    MPU6050_setDLPFMode                      0x08000b21   Thumb Code    20  mpu6050.o(.text)
    MPU6050_setExternalFrameSync             0x08000b35   Thumb Code    20  mpu6050.o(.text)
    MPU6050_setDMPConfig1                    0x08000b49   Thumb Code    16  mpu6050.o(.text)
    MPU6050_setDMPConfig2                    0x08000b59   Thumb Code    16  mpu6050.o(.text)
    MPU6050_setOTPBankValid                  0x08000b69   Thumb Code    18  mpu6050.o(.text)
    MPU6050_setXGyroOffset                   0x08000b7b   Thumb Code    26  mpu6050.o(.text)
    MPU6050_setYGyroOffset                   0x08000b95   Thumb Code    26  mpu6050.o(.text)
    MPU6050_setZGyroOffset                   0x08000baf   Thumb Code    26  mpu6050.o(.text)
    MPU6050_resetFIFO                        0x08000bc9   Thumb Code    16  mpu6050.o(.text)
    MPU6050_getFIFOCount                     0x08000bd9   Thumb Code    28  mpu6050.o(.text)
    MPU6050_setMotionDetectionThreshold      0x08000bf5   Thumb Code    16  mpu6050.o(.text)
    MPU6050_setZeroMotionDetectionThreshold  0x08000c05   Thumb Code    16  mpu6050.o(.text)
    MPU6050_setMotionDetectionDuration       0x08000c15   Thumb Code    16  mpu6050.o(.text)
    MPU6050_setZeroMotionDetectionDuration   0x08000c25   Thumb Code    16  mpu6050.o(.text)
    MPU6050_readMemoryBlock                  0x08000c35   Thumb Code   116  mpu6050.o(.text)
    MPU6050_getFIFOBytes                     0x08000ca9   Thumb Code    20  mpu6050.o(.text)
    MPU6050_getIntStatus                     0x08000cbd   Thumb Code    12  mpu6050.o(.text)
    MPU6050_setDMPEnabled                    0x08000cc9   Thumb Code    18  mpu6050.o(.text)
    MPU6050_getOTPBankValid                  0x08000cdb   Thumb Code    18  mpu6050.o(.text)
    MPU6050_getXGyroOffsetTC                 0x08000ced   Thumb Code    20  mpu6050.o(.text)
    MPU6050_setXGyroOffsetTC                 0x08000d01   Thumb Code    22  mpu6050.o(.text)
    MPU6050_getYGyroOffsetTC                 0x08000d17   Thumb Code    20  mpu6050.o(.text)
    MPU6050_setYGyroOffsetTC                 0x08000d2b   Thumb Code    22  mpu6050.o(.text)
    MPU6050_getZGyroOffsetTC                 0x08000d41   Thumb Code    20  mpu6050.o(.text)
    MPU6050_setZGyroOffsetTC                 0x08000d55   Thumb Code    22  mpu6050.o(.text)
    MPU6050_setSlaveAddress                  0x08000d6b   Thumb Code    32  mpu6050.o(.text)
    MPU6050_resetI2CMaster                   0x08000d8b   Thumb Code    16  mpu6050.o(.text)
    MPU6050_setFIFOEnabled                   0x08000d9b   Thumb Code    18  mpu6050.o(.text)
    MPU6050_resetDMP                         0x08000dad   Thumb Code    16  mpu6050.o(.text)
    IIC_Init                                 0x08000dc1   Thumb Code    44  iic.o(.text)
    IIC_Start                                0x08000ded   Thumb Code    64  iic.o(.text)
    IIC_Stop                                 0x08000e2d   Thumb Code    66  iic.o(.text)
    IIC_Wait_Ack                             0x08000e6f   Thumb Code    92  iic.o(.text)
    IIC_Ack                                  0x08000ecb   Thumb Code    68  iic.o(.text)
    IIC_NAck                                 0x08000f0f   Thumb Code    66  iic.o(.text)
    IIC_Send_Byte                            0x08000f51   Thumb Code    90  iic.o(.text)
    IIC_Read_Byte                            0x08000fab   Thumb Code   100  iic.o(.text)
    I2C_ReadOneByte                          0x0800100f   Thumb Code    70  iic.o(.text)
    IICreadBytes                             0x08001055   Thumb Code   104  iic.o(.text)
    IICwriteBytes                            0x080010bd   Thumb Code    70  iic.o(.text)
    IICreadByte                              0x08001103   Thumb Code    22  iic.o(.text)
    IICwriteByte                             0x08001119   Thumb Code    20  iic.o(.text)
    IICwriteBits                             0x0800112d   Thumb Code   106  iic.o(.text)
    IICwriteBit                              0x08001197   Thumb Code   106  iic.o(.text)
    TIM2_IRQHandler                          0x08001201   Thumb Code   172  tim.o(.text)
    TIM4_Init                                0x080012ad   Thumb Code    90  tim.o(.text)
    TimerNVIC_Configuration                  0x08001307   Thumb Code    38  tim.o(.text)
    MotorPwmFlash                            0x0800136d   Thumb Code    84  moto.o(.text)
    MotorInit                                0x080013c1   Thumb Code   260  moto.o(.text)
    STMFLASH_Unlock                          0x080014f1   Thumb Code    20  stmflash.o(.text)
    STMFLASH_Lock                            0x08001505   Thumb Code    14  stmflash.o(.text)
    STMFLASH_GetStatus                       0x08001513   Thumb Code    38  stmflash.o(.text)
    STMFLASH_WaitDone                        0x08001539   Thumb Code    42  stmflash.o(.text)
    STMFLASH_ErasePage                       0x08001563   Thumb Code    72  stmflash.o(.text)
    STMFLASH_WriteHalfWord                   0x080015ab   Thumb Code    58  stmflash.o(.text)
    STMFLASH_ReadHalfWord                    0x080015e5   Thumb Code     6  stmflash.o(.text)
    STMFLASH_Write_NoCheck                   0x080015eb   Thumb Code    38  stmflash.o(.text)
    STMFLASH_Read                            0x08001611   Thumb Code    34  stmflash.o(.text)
    STMFLASH_Write                           0x08001633   Thumb Code   222  stmflash.o(.text)
    Test_Write                               0x08001711   Thumb Code    16  stmflash.o(.text)
    _sys_exit                                0x08001755   Thumb Code     6  uart1.o(.text)
    fputc                                    0x0800175b   Thumb Code    24  uart1.o(.text)
    UART1NVIC_Configuration                  0x08001773   Thumb Code    32  uart1.o(.text)
    UART1_init                               0x08001793   Thumb Code   218  uart1.o(.text)
    UartBuf_WD                               0x0800186d   Thumb Code    18  uart1.o(.text)
    UART1_Put_Char                           0x0800187f   Thumb Code    26  uart1.o(.text)
    Uart1_Put_Char                           0x08001899   Thumb Code    28  uart1.o(.text)
    UartBuf_RD                               0x080018b5   Thumb Code    20  uart1.o(.text)
    UartBuf_Cnt                              0x080018c9   Thumb Code    14  uart1.o(.text)
    UartBufClear                             0x080018d7   Thumb Code     6  uart1.o(.text)
    UartSendBuffer                           0x080018dd   Thumb Code    42  uart1.o(.text)
    USART1_IRQHandler                        0x08001907   Thumb Code   104  uart1.o(.text)
    UART2NVIC_Configuration                  0x0800196f   Thumb Code    32  uart1.o(.text)
    UART2_init                               0x0800198f   Thumb Code   184  uart1.o(.text)
    USART2_IRQHandler                        0x08001a47   Thumb Code    80  uart1.o(.text)
    BT_PowerInit                             0x08001af9   Thumb Code    68  bt.o(.text)
    Uart1SendaBTCmd                          0x08001b3d   Thumb Code   110  bt.o(.text)
    CmdJudgement                             0x08001bab   Thumb Code    54  bt.o(.text)
    BT_Scan_Buad                             0x08001be1   Thumb Code    58  bt.o(.text)
    BT_ATcmdWrite                            0x08001c1b   Thumb Code   190  bt.o(.text)
    main                                     0x08001da5   Thumb Code   350  main.o(.text)
    NMI_Handler                              0x08001f39   Thumb Code     2  stm32f10x_it.o(.text)
    HardFault_Handler                        0x08001f3b   Thumb Code     4  stm32f10x_it.o(.text)
    MemManage_Handler                        0x08001f3f   Thumb Code     4  stm32f10x_it.o(.text)
    BusFault_Handler                         0x08001f43   Thumb Code     4  stm32f10x_it.o(.text)
    UsageFault_Handler                       0x08001f47   Thumb Code     4  stm32f10x_it.o(.text)
    SVC_Handler                              0x08001f4b   Thumb Code     2  stm32f10x_it.o(.text)
    DebugMon_Handler                         0x08001f4d   Thumb Code     2  stm32f10x_it.o(.text)
    PendSV_Handler                           0x08001f4f   Thumb Code     2  stm32f10x_it.o(.text)
    cycleCounterInit                         0x08001f51   Thumb Code    26  stm32f10x_it.o(.text)
    SysTick_Handler                          0x08001f6b   Thumb Code    12  stm32f10x_it.o(.text)
    micros                                   0x08001f77   Thumb Code    58  stm32f10x_it.o(.text)
    DelayMs                                  0x08001fb1   Thumb Code    34  stm32f10x_it.o(.text)
    millis                                   0x08001fd3   Thumb Code     6  stm32f10x_it.o(.text)
    NVIC_INIT                                0x08001fe5   Thumb Code    12  sys_fun.o(.text)
    MYRCC_DeInit                             0x08001ff1   Thumb Code    78  sys_fun.o(.text)
    SystemClock_HSI                          0x0800203f   Thumb Code   114  sys_fun.o(.text)
    SystemClock_HSE                          0x080020b1   Thumb Code   148  sys_fun.o(.text)
    PowerOn                                  0x08002145   Thumb Code   160  sys_fun.o(.text)
    RCDataProcess                            0x08002201   Thumb Code   486  commapp.o(.text)
    CommAppCmdProcess                        0x080023e7   Thumb Code   216  commapp.o(.text)
    CommApp                                  0x080024bf   Thumb Code   252  commapp.o(.text)
    CommAppUpload                            0x08002705   Thumb Code   220  commapp.o(.text)
    CommOpenDoor                             0x080027e1   Thumb Code    40  commapp.o(.text)
    IMU_Init                                 0x08002835   Thumb Code    62  imu.o(.text)
    eular2DCM                                0x08002873   Thumb Code   474  imu.o(.text)
    IMU_Process                              0x08002a4d   Thumb Code   264  imu.o(.text)
    IMU_Calibrate                            0x08002b55   Thumb Code   318  imu.o(.text)
    ReadIMUSensorHandle                      0x08002c93   Thumb Code   230  imu.o(.text)
    IMUCheck                                 0x08002d79   Thumb Code   142  imu.o(.text)
    quat2DCM                                 0x08002e07   Thumb Code   372  imu.o(.text)
    RotFromEuler                             0x08002f7b   Thumb Code   308  imu.o(.text)
    QuadFromDcm                              0x080030af   Thumb Code   188  imu.o(.text)
    Mat3Transpose                            0x0800316b   Thumb Code    56  imu.o(.text)
    mt3m                                     0x080031a3   Thumb Code    78  imu.o(.text)
    mt3mt3                                   0x080031f1   Thumb Code   144  imu.o(.text)
    vt3v                                     0x08003281   Thumb Code    50  imu.o(.text)
    Vector3Mod                               0x080032b3   Thumb Code   106  imu.o(.text)
    LPF2pSetCutoffFreq_1                     0x0800331d   Thumb Code   280  filter.o(.text)
    LPF2pApply_1                             0x08003435   Thumb Code   162  filter.o(.text)
    LPF2pSetCutoffFreq_2                     0x080034d7   Thumb Code   280  filter.o(.text)
    LPF2pApply_2                             0x080035ef   Thumb Code   162  filter.o(.text)
    LPF2pSetCutoffFreq_3                     0x08003691   Thumb Code   374  filter.o(.text)
    LPF2pApply_3                             0x08003807   Thumb Code   162  filter.o(.text)
    LPF2pSetCutoffFreq_4                     0x080038a9   Thumb Code   280  filter.o(.text)
    LPF2pApply_4                             0x080039c1   Thumb Code   162  filter.o(.text)
    LPF2pSetCutoffFreq_5                     0x08003a63   Thumb Code   280  filter.o(.text)
    LPF2pApply_5                             0x08003b7b   Thumb Code   274  filter.o(.text)
    LPF2pSetCutoffFreq_6                     0x08003c8d   Thumb Code   280  filter.o(.text)
    LPF2pApply_6                             0x08003da5   Thumb Code   162  filter.o(.text)
    TableResetDefault                        0x08003ea9   Thumb Code    14  configtable.o(.text)
    TableReadEEPROM                          0x08003eb7   Thumb Code    16  configtable.o(.text)
    TableWriteEEPROM                         0x08003ec7   Thumb Code    16  configtable.o(.text)
    TableToParam                             0x08003ed7   Thumb Code   224  configtable.o(.text)
    ParamToTable                             0x08003fb7   Thumb Code   230  configtable.o(.text)
    ParamSetDefault                          0x0800409d   Thumb Code   178  configtable.o(.text)
    LoadParamsFromEEPROM                     0x0800414f   Thumb Code    30  configtable.o(.text)
    SaveParamsToEEPROM                       0x0800416d   Thumb Code    12  configtable.o(.text)
    NVIC_PriorityGroupConfig                 0x08004231   Thumb Code    10  misc.o(.text)
    NVIC_Init                                0x0800423b   Thumb Code   100  misc.o(.text)
    NVIC_SetVectorTable                      0x0800429f   Thumb Code    14  misc.o(.text)
    NVIC_SystemLPConfig                      0x080042ad   Thumb Code    34  misc.o(.text)
    SysTick_CLKSourceConfig                  0x080042cf   Thumb Code    40  misc.o(.text)
    GPIO_DeInit                              0x0800430d   Thumb Code   172  stm32f10x_gpio.o(.text)
    GPIO_AFIODeInit                          0x080043b9   Thumb Code    20  stm32f10x_gpio.o(.text)
    GPIO_Init                                0x080043cd   Thumb Code   278  stm32f10x_gpio.o(.text)
    GPIO_StructInit                          0x080044e3   Thumb Code    16  stm32f10x_gpio.o(.text)
    GPIO_ReadInputDataBit                    0x080044f3   Thumb Code    18  stm32f10x_gpio.o(.text)
    GPIO_ReadInputData                       0x08004505   Thumb Code     8  stm32f10x_gpio.o(.text)
    GPIO_ReadOutputDataBit                   0x0800450d   Thumb Code    18  stm32f10x_gpio.o(.text)
    GPIO_ReadOutputData                      0x0800451f   Thumb Code     8  stm32f10x_gpio.o(.text)
    GPIO_SetBits                             0x08004527   Thumb Code     4  stm32f10x_gpio.o(.text)
    GPIO_ResetBits                           0x0800452b   Thumb Code     4  stm32f10x_gpio.o(.text)
    GPIO_WriteBit                            0x0800452f   Thumb Code    10  stm32f10x_gpio.o(.text)
    GPIO_Write                               0x08004539   Thumb Code     4  stm32f10x_gpio.o(.text)
    GPIO_PinLockConfig                       0x0800453d   Thumb Code    18  stm32f10x_gpio.o(.text)
    GPIO_EventOutputConfig                   0x0800454f   Thumb Code    26  stm32f10x_gpio.o(.text)
    GPIO_EventOutputCmd                      0x08004569   Thumb Code     6  stm32f10x_gpio.o(.text)
    GPIO_PinRemapConfig                      0x0800456f   Thumb Code   138  stm32f10x_gpio.o(.text)
    GPIO_EXTILineConfig                      0x080045f9   Thumb Code    66  stm32f10x_gpio.o(.text)
    GPIO_ETH_MediaInterfaceConfig            0x0800463b   Thumb Code     8  stm32f10x_gpio.o(.text)
    RCC_DeInit                               0x08004669   Thumb Code    64  stm32f10x_rcc.o(.text)
    RCC_HSEConfig                            0x080046a9   Thumb Code    70  stm32f10x_rcc.o(.text)
    RCC_GetFlagStatus                        0x080046ef   Thumb Code    56  stm32f10x_rcc.o(.text)
    RCC_WaitForHSEStartUp                    0x08004727   Thumb Code    56  stm32f10x_rcc.o(.text)
    RCC_AdjustHSICalibrationValue            0x0800475f   Thumb Code    20  stm32f10x_rcc.o(.text)
    RCC_HSICmd                               0x08004773   Thumb Code     6  stm32f10x_rcc.o(.text)
    RCC_PLLConfig                            0x08004779   Thumb Code    24  stm32f10x_rcc.o(.text)
    RCC_PLLCmd                               0x08004791   Thumb Code     6  stm32f10x_rcc.o(.text)
    RCC_SYSCLKConfig                         0x08004797   Thumb Code    18  stm32f10x_rcc.o(.text)
    RCC_GetSYSCLKSource                      0x080047a9   Thumb Code    10  stm32f10x_rcc.o(.text)
    RCC_HCLKConfig                           0x080047b3   Thumb Code    18  stm32f10x_rcc.o(.text)
    RCC_PCLK1Config                          0x080047c5   Thumb Code    18  stm32f10x_rcc.o(.text)
    RCC_PCLK2Config                          0x080047d7   Thumb Code    20  stm32f10x_rcc.o(.text)
    RCC_ITConfig                             0x080047eb   Thumb Code    26  stm32f10x_rcc.o(.text)
    RCC_USBCLKConfig                         0x08004805   Thumb Code     8  stm32f10x_rcc.o(.text)
    RCC_ADCCLKConfig                         0x0800480d   Thumb Code    18  stm32f10x_rcc.o(.text)
    RCC_LSEConfig                            0x0800481f   Thumb Code    50  stm32f10x_rcc.o(.text)
    RCC_LSICmd                               0x08004851   Thumb Code     6  stm32f10x_rcc.o(.text)
    RCC_RTCCLKConfig                         0x08004857   Thumb Code    12  stm32f10x_rcc.o(.text)
    RCC_RTCCLKCmd                            0x08004863   Thumb Code     8  stm32f10x_rcc.o(.text)
    RCC_GetClocksFreq                        0x0800486b   Thumb Code   192  stm32f10x_rcc.o(.text)
    RCC_AHBPeriphClockCmd                    0x0800492b   Thumb Code    26  stm32f10x_rcc.o(.text)
    RCC_APB2PeriphClockCmd                   0x08004945   Thumb Code    26  stm32f10x_rcc.o(.text)
    RCC_APB1PeriphClockCmd                   0x0800495f   Thumb Code    26  stm32f10x_rcc.o(.text)
    RCC_APB2PeriphResetCmd                   0x08004979   Thumb Code    26  stm32f10x_rcc.o(.text)
    RCC_APB1PeriphResetCmd                   0x08004993   Thumb Code    26  stm32f10x_rcc.o(.text)
    RCC_BackupResetCmd                       0x080049ad   Thumb Code     8  stm32f10x_rcc.o(.text)
    RCC_ClockSecuritySystemCmd               0x080049b5   Thumb Code     6  stm32f10x_rcc.o(.text)
    RCC_MCOConfig                            0x080049bb   Thumb Code     6  stm32f10x_rcc.o(.text)
    RCC_ClearFlag                            0x080049c1   Thumb Code    14  stm32f10x_rcc.o(.text)
    RCC_GetITStatus                          0x080049cf   Thumb Code    20  stm32f10x_rcc.o(.text)
    RCC_ClearITPendingBit                    0x080049e3   Thumb Code     6  stm32f10x_rcc.o(.text)
    TIM_DeInit                               0x08004a0d   Thumb Code   424  stm32f10x_tim.o(.text)
    TIM_TimeBaseInit                         0x08004bb5   Thumb Code   122  stm32f10x_tim.o(.text)
    TIM_OC1Init                              0x08004c2f   Thumb Code   132  stm32f10x_tim.o(.text)
    TIM_OC2Init                              0x08004cb3   Thumb Code   154  stm32f10x_tim.o(.text)
    TIM_OC3Init                              0x08004d4d   Thumb Code   150  stm32f10x_tim.o(.text)
    TIM_OC4Init                              0x08004de3   Thumb Code   182  stm32f10x_tim.o(.text)
    TIM_SetIC4Prescaler                      0x08004e99   Thumb Code    26  stm32f10x_tim.o(.text)
    TIM_SetIC3Prescaler                      0x08004f35   Thumb Code    18  stm32f10x_tim.o(.text)
    TIM_SetIC2Prescaler                      0x08004fc1   Thumb Code    26  stm32f10x_tim.o(.text)
    TIM_SetIC1Prescaler                      0x0800505d   Thumb Code    18  stm32f10x_tim.o(.text)
    TIM_ICInit                               0x080050db   Thumb Code   150  stm32f10x_tim.o(.text)
    TIM_PWMIConfig                           0x08005171   Thumb Code   124  stm32f10x_tim.o(.text)
    TIM_BDTRConfig                           0x080051ed   Thumb Code    32  stm32f10x_tim.o(.text)
    TIM_TimeBaseStructInit                   0x0800520d   Thumb Code    18  stm32f10x_tim.o(.text)
    TIM_OCStructInit                         0x0800521f   Thumb Code    20  stm32f10x_tim.o(.text)
    TIM_ICStructInit                         0x08005233   Thumb Code    18  stm32f10x_tim.o(.text)
    TIM_BDTRStructInit                       0x08005245   Thumb Code    40  stm32f10x_tim.o(.text)
    TIM_Cmd                                  0x0800526d   Thumb Code    24  stm32f10x_tim.o(.text)
    TIM_CtrlPWMOutputs                       0x08005285   Thumb Code    30  stm32f10x_tim.o(.text)
    TIM_ITConfig                             0x080052a3   Thumb Code    18  stm32f10x_tim.o(.text)
    TIM_GenerateEvent                        0x080052b5   Thumb Code     4  stm32f10x_tim.o(.text)
    TIM_DMAConfig                            0x080052b9   Thumb Code    10  stm32f10x_tim.o(.text)
    TIM_DMACmd                               0x080052c3   Thumb Code    18  stm32f10x_tim.o(.text)
    TIM_InternalClockConfig                  0x080052d5   Thumb Code    12  stm32f10x_tim.o(.text)
    TIM_SelectInputTrigger                   0x080052e1   Thumb Code    18  stm32f10x_tim.o(.text)
    TIM_ITRxExternalClockConfig              0x080052f3   Thumb Code    24  stm32f10x_tim.o(.text)
    TIM_TIxExternalClockConfig               0x0800530b   Thumb Code    62  stm32f10x_tim.o(.text)
    TIM_ETRConfig                            0x08005349   Thumb Code    28  stm32f10x_tim.o(.text)
    TIM_ETRClockMode1Config                  0x08005365   Thumb Code    54  stm32f10x_tim.o(.text)
    TIM_ETRClockMode2Config                  0x0800539b   Thumb Code    32  stm32f10x_tim.o(.text)
    TIM_PrescalerConfig                      0x080053bb   Thumb Code     6  stm32f10x_tim.o(.text)
    TIM_CounterModeConfig                    0x080053c1   Thumb Code    18  stm32f10x_tim.o(.text)
    TIM_EncoderInterfaceConfig               0x080053d3   Thumb Code    66  stm32f10x_tim.o(.text)
    TIM_ForcedOC1Config                      0x08005415   Thumb Code    18  stm32f10x_tim.o(.text)
    TIM_ForcedOC2Config                      0x08005427   Thumb Code    26  stm32f10x_tim.o(.text)
    TIM_ForcedOC3Config                      0x08005441   Thumb Code    18  stm32f10x_tim.o(.text)
    TIM_ForcedOC4Config                      0x08005453   Thumb Code    26  stm32f10x_tim.o(.text)
    TIM_ARRPreloadConfig                     0x0800546d   Thumb Code    24  stm32f10x_tim.o(.text)
    TIM_SelectCOM                            0x08005485   Thumb Code    24  stm32f10x_tim.o(.text)
    TIM_SelectCCDMA                          0x0800549d   Thumb Code    24  stm32f10x_tim.o(.text)
    TIM_CCPreloadControl                     0x080054b5   Thumb Code    24  stm32f10x_tim.o(.text)
    TIM_OC1PreloadConfig                     0x080054cd   Thumb Code    18  stm32f10x_tim.o(.text)
    TIM_OC2PreloadConfig                     0x080054df   Thumb Code    26  stm32f10x_tim.o(.text)
    TIM_OC3PreloadConfig                     0x080054f9   Thumb Code    18  stm32f10x_tim.o(.text)
    TIM_OC4PreloadConfig                     0x0800550b   Thumb Code    26  stm32f10x_tim.o(.text)
    TIM_OC1FastConfig                        0x08005525   Thumb Code    18  stm32f10x_tim.o(.text)
    TIM_OC2FastConfig                        0x08005537   Thumb Code    26  stm32f10x_tim.o(.text)
    TIM_OC3FastConfig                        0x08005551   Thumb Code    18  stm32f10x_tim.o(.text)
    TIM_OC4FastConfig                        0x08005563   Thumb Code    26  stm32f10x_tim.o(.text)
    TIM_ClearOC1Ref                          0x0800557d   Thumb Code    18  stm32f10x_tim.o(.text)
    TIM_ClearOC2Ref                          0x0800558f   Thumb Code    24  stm32f10x_tim.o(.text)
    TIM_ClearOC3Ref                          0x080055a7   Thumb Code    18  stm32f10x_tim.o(.text)
    TIM_ClearOC4Ref                          0x080055b9   Thumb Code    24  stm32f10x_tim.o(.text)
    TIM_OC1PolarityConfig                    0x080055d1   Thumb Code    18  stm32f10x_tim.o(.text)
    TIM_OC1NPolarityConfig                   0x080055e3   Thumb Code    18  stm32f10x_tim.o(.text)
    TIM_OC2PolarityConfig                    0x080055f5   Thumb Code    26  stm32f10x_tim.o(.text)
    TIM_OC2NPolarityConfig                   0x0800560f   Thumb Code    26  stm32f10x_tim.o(.text)
    TIM_OC3PolarityConfig                    0x08005629   Thumb Code    26  stm32f10x_tim.o(.text)
    TIM_OC3NPolarityConfig                   0x08005643   Thumb Code    26  stm32f10x_tim.o(.text)
    TIM_OC4PolarityConfig                    0x0800565d   Thumb Code    26  stm32f10x_tim.o(.text)
    TIM_CCxCmd                               0x08005677   Thumb Code    30  stm32f10x_tim.o(.text)
    TIM_CCxNCmd                              0x08005695   Thumb Code    30  stm32f10x_tim.o(.text)
    TIM_SelectOCxM                           0x080056b3   Thumb Code    82  stm32f10x_tim.o(.text)
    TIM_UpdateDisableConfig                  0x08005705   Thumb Code    24  stm32f10x_tim.o(.text)
    TIM_UpdateRequestConfig                  0x0800571d   Thumb Code    24  stm32f10x_tim.o(.text)
    TIM_SelectHallSensor                     0x08005735   Thumb Code    24  stm32f10x_tim.o(.text)
    TIM_SelectOnePulseMode                   0x0800574d   Thumb Code    18  stm32f10x_tim.o(.text)
    TIM_SelectOutputTrigger                  0x0800575f   Thumb Code    18  stm32f10x_tim.o(.text)
    TIM_SelectSlaveMode                      0x08005771   Thumb Code    18  stm32f10x_tim.o(.text)
    TIM_SelectMasterSlaveMode                0x08005783   Thumb Code    18  stm32f10x_tim.o(.text)
    TIM_SetCounter                           0x08005795   Thumb Code     4  stm32f10x_tim.o(.text)
    TIM_SetAutoreload                        0x08005799   Thumb Code     4  stm32f10x_tim.o(.text)
    TIM_SetCompare1                          0x0800579d   Thumb Code     4  stm32f10x_tim.o(.text)
    TIM_SetCompare2                          0x080057a1   Thumb Code     4  stm32f10x_tim.o(.text)
    TIM_SetCompare3                          0x080057a5   Thumb Code     4  stm32f10x_tim.o(.text)
    TIM_SetCompare4                          0x080057a9   Thumb Code     6  stm32f10x_tim.o(.text)
    TIM_SetClockDivision                     0x080057af   Thumb Code    18  stm32f10x_tim.o(.text)
    TIM_GetCapture1                          0x080057c1   Thumb Code     6  stm32f10x_tim.o(.text)
    TIM_GetCapture2                          0x080057c7   Thumb Code     6  stm32f10x_tim.o(.text)
    TIM_GetCapture3                          0x080057cd   Thumb Code     6  stm32f10x_tim.o(.text)
    TIM_GetCapture4                          0x080057d3   Thumb Code     8  stm32f10x_tim.o(.text)
    TIM_GetCounter                           0x080057db   Thumb Code     6  stm32f10x_tim.o(.text)
    TIM_GetPrescaler                         0x080057e1   Thumb Code     6  stm32f10x_tim.o(.text)
    TIM_GetFlagStatus                        0x080057e7   Thumb Code    18  stm32f10x_tim.o(.text)
    TIM_ClearFlag                            0x080057f9   Thumb Code     6  stm32f10x_tim.o(.text)
    TIM_GetITStatus                          0x080057ff   Thumb Code    34  stm32f10x_tim.o(.text)
    TIM_ClearITPendingBit                    0x08005821   Thumb Code     6  stm32f10x_tim.o(.text)
    USART_DeInit                             0x08005829   Thumb Code   134  stm32f10x_usart.o(.text)
    USART_Init                               0x080058af   Thumb Code   210  stm32f10x_usart.o(.text)
    USART_StructInit                         0x08005981   Thumb Code    24  stm32f10x_usart.o(.text)
    USART_ClockInit                          0x08005999   Thumb Code    34  stm32f10x_usart.o(.text)
    USART_ClockStructInit                    0x080059bb   Thumb Code    12  stm32f10x_usart.o(.text)
    USART_Cmd                                0x080059c7   Thumb Code    24  stm32f10x_usart.o(.text)
    USART_ITConfig                           0x080059df   Thumb Code    74  stm32f10x_usart.o(.text)
    USART_DMACmd                             0x08005a29   Thumb Code    18  stm32f10x_usart.o(.text)
    USART_SetAddress                         0x08005a3b   Thumb Code    18  stm32f10x_usart.o(.text)
    USART_WakeUpConfig                       0x08005a4d   Thumb Code    18  stm32f10x_usart.o(.text)
    USART_ReceiverWakeUpCmd                  0x08005a5f   Thumb Code    24  stm32f10x_usart.o(.text)
    USART_LINBreakDetectLengthConfig         0x08005a77   Thumb Code    18  stm32f10x_usart.o(.text)
    USART_LINCmd                             0x08005a89   Thumb Code    24  stm32f10x_usart.o(.text)
    USART_SendData                           0x08005aa1   Thumb Code     8  stm32f10x_usart.o(.text)
    USART_ReceiveData                        0x08005aa9   Thumb Code    10  stm32f10x_usart.o(.text)
    USART_SendBreak                          0x08005ab3   Thumb Code    10  stm32f10x_usart.o(.text)
    USART_SetGuardTime                       0x08005abd   Thumb Code    16  stm32f10x_usart.o(.text)
    USART_SetPrescaler                       0x08005acd   Thumb Code    16  stm32f10x_usart.o(.text)
    USART_SmartCardCmd                       0x08005add   Thumb Code    24  stm32f10x_usart.o(.text)
    USART_SmartCardNACKCmd                   0x08005af5   Thumb Code    24  stm32f10x_usart.o(.text)
    USART_HalfDuplexCmd                      0x08005b0d   Thumb Code    24  stm32f10x_usart.o(.text)
    USART_OverSampling8Cmd                   0x08005b25   Thumb Code    22  stm32f10x_usart.o(.text)
    USART_OneBitMethodCmd                    0x08005b3b   Thumb Code    24  stm32f10x_usart.o(.text)
    USART_IrDAConfig                         0x08005b53   Thumb Code    18  stm32f10x_usart.o(.text)
    USART_IrDACmd                            0x08005b65   Thumb Code    24  stm32f10x_usart.o(.text)
    USART_GetFlagStatus                      0x08005b7d   Thumb Code    26  stm32f10x_usart.o(.text)
    USART_ClearFlag                          0x08005b97   Thumb Code    18  stm32f10x_usart.o(.text)
    USART_GetITStatus                        0x08005ba9   Thumb Code    84  stm32f10x_usart.o(.text)
    USART_ClearITPendingBit                  0x08005bfd   Thumb Code    52  stm32f10x_usart.o(.text)
    SetHeadFree                              0x08005d25   Thumb Code    30  control.o(.text)
    CtrlAttiAng                              0x08005d43   Thumb Code   134  control.o(.text)
    CtrlAttiRate                             0x08005dc9   Thumb Code   264  control.o(.text)
    dbScaleLinear                            0x08005ed1   Thumb Code    96  control.o(.text)
    CtrlMotor                                0x08005f31   Thumb Code   374  control.o(.text)
    __use_no_semihosting                     0x080060a7   Thumb Code     2  use_no_semi_2.o(.text)
    __2printf                                0x080060a9   Thumb Code    20  noretval__2printf.o(.text)
    __printf                                 0x080060c1   Thumb Code   104  __printf.o(.text)
    _printf_int_dec                          0x08006129   Thumb Code   104  _printf_dec.o(.text)
    _printf_int_hex                          0x080061a1   Thumb Code    84  _printf_hex_int.o(.text)
    _printf_longlong_hex                     0x080061a1   Thumb Code     0  _printf_hex_int.o(.text)
    strlen                                   0x080061f9   Thumb Code    62  strlen.o(.text)
    __aeabi_memcpy4                          0x08006237   Thumb Code     0  rt_memcpy_w.o(.text)
    __aeabi_memcpy8                          0x08006237   Thumb Code     0  rt_memcpy_w.o(.text)
    __rt_memcpy_w                            0x08006237   Thumb Code   100  rt_memcpy_w.o(.text)
    _memcpy_lastbytes_aligned                0x0800627f   Thumb Code     0  rt_memcpy_w.o(.text)
    __use_two_region_memory                  0x0800629b   Thumb Code     2  heapauxi.o(.text)
    __rt_heap_escrow$2region                 0x0800629d   Thumb Code     2  heapauxi.o(.text)
    __rt_heap_expand$2region                 0x0800629f   Thumb Code     2  heapauxi.o(.text)
    __I$use$semihosting                      0x080062a1   Thumb Code     0  use_no_semi.o(.text)
    __use_no_semihosting_swi                 0x080062a1   Thumb Code     2  use_no_semi.o(.text)
    __read_errno                             0x080062a3   Thumb Code    10  _rserrno.o(.text)
    __set_errno                              0x080062ad   Thumb Code    12  _rserrno.o(.text)
    _printf_int_common                       0x080062b9   Thumb Code   178  _printf_intcommon.o(.text)
    _printf_char_file                        0x0800636d   Thumb Code    32  _printf_char_file.o(.text)
    __aeabi_errno_addr                       0x08006391   Thumb Code     8  rt_errno_addr_intlibspace.o(.text)
    __errno$intlibspace                      0x08006391   Thumb Code     0  rt_errno_addr_intlibspace.o(.text)
    __rt_errno_addr$intlibspace              0x08006391   Thumb Code     0  rt_errno_addr_intlibspace.o(.text)
    _printf_char_common                      0x080063a3   Thumb Code    32  _printf_char_common.o(.text)
    ferror                                   0x080063c9   Thumb Code     8  ferror.o(.text)
    __user_libspace                          0x080063d1   Thumb Code     8  libspace.o(.text)
    __user_perproc_libspace                  0x080063d1   Thumb Code     0  libspace.o(.text)
    __user_perthread_libspace                0x080063d1   Thumb Code     0  libspace.o(.text)
    __user_setup_stackheap                   0x080063d9   Thumb Code    74  sys_stackheap_outer.o(.text)
    exit                                     0x08006423   Thumb Code    12  exit.o(.text)
    __ARM_fpclassifyf                        0x0800642f   Thumb Code    38  fpclassifyf.o(i.__ARM_fpclassifyf)
    __ARM_isinff                             0x08006455   Thumb Code    20  filter.o(i.__ARM_isinff)
    __ARM_isnanf                             0x08006469   Thumb Code    14  filter.o(i.__ARM_isnanf)
    __mathlib_flt_infnan                     0x08006477   Thumb Code     6  funder.o(i.__mathlib_flt_infnan)
    __mathlib_flt_invalid                    0x0800647d   Thumb Code     8  funder.o(i.__mathlib_flt_invalid)
    __mathlib_flt_underflow                  0x08006485   Thumb Code    10  funder.o(i.__mathlib_flt_underflow)
    __mathlib_rredf2                         0x08006491   Thumb Code   344  rredf.o(i.__mathlib_rredf2)
    cosf                                     0x080065f9   Thumb Code   328  cosf.o(i.cosf)
    sinf                                     0x08006775   Thumb Code   338  sinf.o(i.sinf)
    sqrtf                                    0x080068fd   Thumb Code    44  sqrtf.o(i.sqrtf)
    tanf                                     0x08006929   Thumb Code   314  tanf.o(i.tanf)
    __aeabi_d2f                              0x08006a9d   Thumb Code     0  d2f.o(x$fpl$d2f)
    _d2f                                     0x08006a9d   Thumb Code    98  d2f.o(x$fpl$d2f)
    __fpl_dcmp_Inf                           0x08006aff   Thumb Code    24  dcmpi.o(x$fpl$dcmpinf)
    __aeabi_ddiv                             0x08006b19   Thumb Code     0  ddiv.o(x$fpl$ddiv)
    _ddiv                                    0x08006b19   Thumb Code   552  ddiv.o(x$fpl$ddiv)
    __aeabi_i2d                              0x08006dc9   Thumb Code     0  dflt_clz.o(x$fpl$dflt)
    _dflt                                    0x08006dc9   Thumb Code    46  dflt_clz.o(x$fpl$dflt)
    __aeabi_cdcmple                          0x08006df9   Thumb Code     0  dleqf.o(x$fpl$dleqf)
    _dcmple                                  0x08006df9   Thumb Code   120  dleqf.o(x$fpl$dleqf)
    __fpl_dcmple_InfNaN                      0x08006e5b   Thumb Code     0  dleqf.o(x$fpl$dleqf)
    __aeabi_dmul                             0x08006e71   Thumb Code     0  dmul.o(x$fpl$dmul)
    _dmul                                    0x08006e71   Thumb Code   332  dmul.o(x$fpl$dmul)
    __fpl_dnaninf                            0x08006fc5   Thumb Code   156  dnaninf.o(x$fpl$dnaninf)
    __fpl_dretinf                            0x08007061   Thumb Code    12  dretinf.o(x$fpl$dretinf)
    __aeabi_cdrcmple                         0x0800706d   Thumb Code     0  drleqf.o(x$fpl$drleqf)
    _drcmple                                 0x0800706d   Thumb Code   108  drleqf.o(x$fpl$drleqf)
    __aeabi_f2d                              0x080070d9   Thumb Code     0  f2d.o(x$fpl$f2d)
    _f2d                                     0x080070d9   Thumb Code    86  f2d.o(x$fpl$f2d)
    __aeabi_fadd                             0x08007131   Thumb Code     0  faddsub_clz.o(x$fpl$fadd)
    _fadd                                    0x08007131   Thumb Code   196  faddsub_clz.o(x$fpl$fadd)
    __fpl_fcheck_NaN1                        0x080071f5   Thumb Code     6  fcheck1.o(x$fpl$fcheck1)
    __fpl_fcmp_Inf                           0x08007201   Thumb Code    24  fcmpi.o(x$fpl$fcmpinf)
    __aeabi_fdiv                             0x08007219   Thumb Code     0  fdiv.o(x$fpl$fdiv)
    _fdiv                                    0x08007219   Thumb Code   384  fdiv.o(x$fpl$fdiv)
    __aeabi_f2iz                             0x0800739d   Thumb Code     0  ffix.o(x$fpl$ffix)
    _ffix                                    0x0800739d   Thumb Code    54  ffix.o(x$fpl$ffix)
    __aeabi_f2uiz                            0x080073d5   Thumb Code     0  ffixu.o(x$fpl$ffixu)
    _ffixu                                   0x080073d5   Thumb Code    62  ffixu.o(x$fpl$ffixu)
    __aeabi_i2f                              0x08007415   Thumb Code     0  fflt_clz.o(x$fpl$fflt)
    _fflt                                    0x08007415   Thumb Code    48  fflt_clz.o(x$fpl$fflt)
    __aeabi_ui2f                             0x08007445   Thumb Code     0  fflt_clz.o(x$fpl$ffltu)
    _ffltu                                   0x08007445   Thumb Code    38  fflt_clz.o(x$fpl$ffltu)
    __aeabi_cfcmple                          0x0800746d   Thumb Code     0  fleqf.o(x$fpl$fleqf)
    _fcmple                                  0x0800746d   Thumb Code   104  fleqf.o(x$fpl$fleqf)
    __fpl_fcmple_InfNaN                      0x080074bf   Thumb Code     0  fleqf.o(x$fpl$fleqf)
    __aeabi_fmul                             0x080074d5   Thumb Code     0  fmul.o(x$fpl$fmul)
    _fmul                                    0x080074d5   Thumb Code   258  fmul.o(x$fpl$fmul)
    __fpl_fnaninf                            0x080075d7   Thumb Code   140  fnaninf.o(x$fpl$fnaninf)
    __fpl_fretinf                            0x08007663   Thumb Code    10  fretinf.o(x$fpl$fretinf)
    __aeabi_cfrcmple                         0x0800766d   Thumb Code     0  frleqf.o(x$fpl$frleqf)
    _frcmple                                 0x0800766d   Thumb Code    98  frleqf.o(x$fpl$frleqf)
    _frnd                                    0x080076d1   Thumb Code    96  frnd.o(x$fpl$frnd)
    __aeabi_frsub                            0x08007731   Thumb Code     0  faddsub_clz.o(x$fpl$frsb)
    _frsb                                    0x08007731   Thumb Code    20  faddsub_clz.o(x$fpl$frsb)
    _fsqrt                                   0x08007745   Thumb Code   272  fsqrt.o(x$fpl$fsqrt)
    __aeabi_fsub                             0x08007855   Thumb Code     0  faddsub_clz.o(x$fpl$fsub)
    _fsub                                    0x08007855   Thumb Code   234  faddsub_clz.o(x$fpl$fsub)
    __fpl_return_NaN                         0x0800793f   Thumb Code   100  retnan.o(x$fpl$retnan)
    __ARM_scalbnf                            0x080079a3   Thumb Code    76  scalbnf.o(x$fpl$scalbnf)
    __fpl_cmpreturn                          0x080079ef   Thumb Code    48  trapv.o(x$fpl$trapveneer)
    ATcmdAsk                                 0x08007a1e   Data           5  bt.o(.constdata)
    __I$use$fp                               0x08007a1e   Number         0  usenofp.o(x$fpl$usenofp)
    ATcmdAnswer                              0x08007a23   Data           3  bt.o(.constdata)
    ATcmdNameAsk                             0x08007a26   Data          11  bt.o(.constdata)
    ATcmdNameSet                             0x08007a31   Data          19  bt.o(.constdata)
    ATcmdCodeAsk                             0x08007a44   Data           9  bt.o(.constdata)
    ATcmdCodeSet                             0x08007a4d   Data          13  bt.o(.constdata)
    ATcmdRenewAsk                            0x08007a5a   Data          11  bt.o(.constdata)
    ATcmdBaudAsk                             0x08007a65   Data          10  bt.o(.constdata)
    ATcmdBaudAnswer                          0x08007a6f   Data           8  bt.o(.constdata)
    ATcmdBaudSet                             0x08007a77   Data          11  bt.o(.constdata)
    Region$$Table$$Base                      0x08007acc   Number         0  anon$$obj.o(Region$$Table)
    Region$$Table$$Limit                     0x08007aec   Number         0  anon$$obj.o(Region$$Table)
    SystemCoreClock                          0x20000000   Data           4  system_stm32f10x.o(.data)
    AHBPrescTable                            0x20000004   Data          16  system_stm32f10x.o(.data)
    LEDCtrl                                  0x20000018   Data           4  led.o(.data)
    LEDBuf                                   0x2000001c   Data           1  led.o(.data)
    cntBaro                                  0x20000020   Data           2  tim.o(.data)
    cntBatChk                                0x20000022   Data           2  tim.o(.data)
    LedCounter                               0x20000024   Data           4  tim.o(.data)
    accUpdated                               0x20000028   Data           1  tim.o(.data)
    anyCnt                                   0x2000002a   Data           2  tim.o(.data)
    anyCnt2                                  0x2000002c   Data           2  tim.o(.data)
    loop500HzFlag                            0x2000002e   Data           1  tim.o(.data)
    loop200HzFlag                            0x2000002f   Data           1  tim.o(.data)
    loop50HzFlag                             0x20000030   Data           1  tim.o(.data)
    loop600HzFlag                            0x20000031   Data           1  tim.o(.data)
    loop100HzFlag                            0x20000032   Data           1  tim.o(.data)
    loop20HzFlag                             0x20000033   Data           1  tim.o(.data)
    loop10HzFlag                             0x20000034   Data           1  tim.o(.data)
    loop500Hzcnt                             0x20000036   Data           2  tim.o(.data)
    loop200HzCnt                             0x20000038   Data           2  tim.o(.data)
    loop50HzCnt                              0x2000003a   Data           2  tim.o(.data)
    loop600HzCnt                             0x2000003c   Data           2  tim.o(.data)
    loop100HzCnt                             0x2000003e   Data           2  tim.o(.data)
    loop20HzCnt                              0x20000040   Data           2  tim.o(.data)
    loop10HzCnt                              0x20000042   Data           2  tim.o(.data)
    DebugCounter                             0x20000044   Data           4  tim.o(.data)
    RX_ADDRESS                               0x20000048   Data           5  nrf24l01.o(.data)
    __stdout                                 0x20000050   Data           4  uart1.o(.data)
    Udatatmp                                 0x20000054   Data           1  uart1.o(.data)
    BTstate                                  0x20000058   Data           4  bt.o(.data)
    sysTickUptime                            0x200000ac   Data           4  stm32f10x_it.o(.data)
    SysClock                                 0x200000b0   Data           1  sys_fun.o(.data)
    flyLogF                                  0x200000b4   Data           1  commapp.o(.data)
    flyLogApp                                0x200000b5   Data           1  commapp.o(.data)
    lastGetRCTime                            0x200000b8   Data           4  commapp.o(.data)
    appCmdFlag                               0x200000bc   Data           1  commapp.o(.data)
    armState                                 0x200000bd   Data           1  commapp.o(.data)
    btSrc                                    0x200000be   Data           1  commapp.o(.data)
    bufP                                     0x200000bf   Data           1  commapp.o(.data)
    rcData                                   0x200000c2   Data           8  commapp.o(.data)
    imuCaliFlag                              0x200000ce   Data           1  imu.o(.data)
    offLandFlag                              0x200001ac   Data           1  control.o(.data)
    motorLock                                0x200001ad   Data           1  control.o(.data)
    Motor                                    0x200001ae   Data           8  control.o(.data)
    rollSp                                   0x200001b8   Data           4  control.o(.data)
    pitchSp                                  0x200001bc   Data           4  control.o(.data)
    Thro                                     0x200001c0   Data           4  control.o(.data)
    Roll                                     0x200001c4   Data           4  control.o(.data)
    Pitch                                    0x200001c8   Data           4  control.o(.data)
    Yaw                                      0x200001cc   Data           4  control.o(.data)
    gyroxGloble                              0x200001d0   Data           4  control.o(.data)
    gyroyGloble                              0x200001d4   Data           4  control.o(.data)
    ctrlPrd                                  0x200001d8   Data           4  control.o(.data)
    headFreeMode                             0x200001dc   Data           1  control.o(.data)
    headHold                                 0x200001e0   Data           4  control.o(.data)
    thrInit                                  0x200001e4   Data           4  control.o(.data)
    spZMoveRate                              0x200001e8   Data           4  control.o(.data)
    altCtrlMode                              0x200001ec   Data           1  control.o(.data)
    hoverThrust                              0x200001f0   Data           4  control.o(.data)
    zIntReset                                0x200001f4   Data           1  control.o(.data)
    thrustZInt                               0x200001f8   Data           4  control.o(.data)
    thrustZSp                                0x200001fc   Data           4  control.o(.data)
    thrustXYSp                               0x20000200   Data           8  control.o(.data)
    recAltFlag                               0x20000208   Data           1  control.o(.data)
    holdAlt                                  0x2000020c   Data           4  control.o(.data)
    satZ                                     0x20000210   Data           1  control.o(.data)
    satXY                                    0x20000211   Data           1  control.o(.data)
    isAltLimit                               0x20000212   Data           1  control.o(.data)
    altLand                                  0x20000214   Data           4  control.o(.data)
    FLY_ENABLE                               0x20000224   Data           1  receivedata.o(.data)
    NRFMatched                               0x20000226   Data           1  receivedata.o(.data)
    buffer                                   0x20000234   Data          14  mpu6050.o(.bss)
    MPU6050_FIFO                             0x20000242   Data         132  mpu6050.o(.bss)
    verifyBuffer                             0x200002c6   Data          16  mpu6050.o(.bss)
    progBuffer                               0x200002d6   Data          16  mpu6050.o(.bss)
    STMFLASH_BUF                             0x200002e6   Data        1024  stmflash.o(.bss)
    UartTxbuf                                0x200006e8   Data          12  uart1.o(.bss)
    UartRxbuf                                0x200006f4   Data          12  uart1.o(.bss)
    rx_buffer                                0x20000700   Data         128  uart1.o(.bss)
    tx_buffer                                0x20000780   Data         128  uart1.o(.bss)
    Q_ANGLE                                  0x20000800   Data          12  dmp.o(.bss)
    q                                        0x2000080c   Data          16  dmp.o(.bss)
    DMP_DATA                                 0x2000081c   Data          80  dmp.o(.bss)
    fifoBuffer                               0x2000086c   Data          64  dmp.o(.bss)
    CrazepoyBT                               0x200008ac   Data          28  bt.o(.bss)
    Cmdreturn                                0x200008c8   Data          20  bt.o(.bss)
    Battery                                  0x200008dc   Data          32  battery.o(.bss)
    startTime                                0x200008fc   Data          20  main.o(.bss)
    execTime                                 0x20000910   Data          20  main.o(.bss)
    realExecPrd                              0x20000924   Data          20  main.o(.bss)
    UdataBuf                                 0x20000938   Data          32  commapp.o(.bss)
    imu                                      0x20000958   Data         192  imu.o(.bss)
    nav                                      0x20000a30   Data          36  altitude.o(.bss)
    z_est                                    0x20000a54   Data          12  altitude.o(.bss)
    corr_acc                                 0x20000a60   Data          12  altitude.o(.bss)
    acc_bias                                 0x20000a6c   Data          12  altitude.o(.bss)
    table                                    0x20000a78   Data         164  configtable.o(.bss)
    pitch_angle_PID                          0x20000b1c   Data          48  control.o(.bss)
    pitch_rate_PID                           0x20000b4c   Data          48  control.o(.bss)
    roll_angle_PID                           0x20000b7c   Data          48  control.o(.bss)
    roll_rate_PID                            0x20000bac   Data          48  control.o(.bss)
    yaw_angle_PID                            0x20000bdc   Data          48  control.o(.bss)
    yaw_rate_PID                             0x20000c0c   Data          48  control.o(.bss)
    alt_PID                                  0x20000c3c   Data          48  control.o(.bss)
    alt_vel_PID                              0x20000c6c   Data          48  control.o(.bss)
    DIF_ACC                                  0x20000c9c   Data          12  control.o(.bss)
    EXP_ANGLE                                0x20000ca8   Data          12  control.o(.bss)
    DIF_ANGLE                                0x20000cb4   Data          12  control.o(.bss)
    RC_DATA                                  0x20000cc0   Data          16  receivedata.o(.bss)
    __libspace_start                         0x20000cd0   Data          96  libspace.o(.bss)
    __temporary_stack_top$libspace           0x20000d30   Data           0  libspace.o(.bss)



==============================================================================

Memory Map of the image

  Image Entry point : 0x080003b9

  Load Region LR_1 (Base: 0x08000000, Size: 0x00007d20, Max: 0xffffffff, ABSOLUTE, COMPRESSED[0x00007b40])

    Execution Region ER_RO (Base: 0x08000000, Size: 0x00007aec, Max: 0xffffffff, ABSOLUTE)

    Base Addr    Size         Type   Attr      Idx    E Section Name        Object

    0x08000000   0x000000ec   Data   RO           89    RESET               startup_stm32f10x_md.o
    0x080000ec   0x00000008   Code   RO         1026  * !!!main             c_w.l(__main.o)
    0x080000f4   0x00000034   Code   RO         1441    !!!scatter          c_w.l(__scatter.o)
    0x08000128   0x0000005a   Code   RO         1439    !!dczerorl2         c_w.l(__dczerorl2.o)
    0x08000182   0x00000002   PAD
    0x08000184   0x0000001c   Code   RO         1443    !!handler_zi        c_w.l(__scatter_zi.o)
    0x080001a0   0x00000000   Code   RO         1019    .ARM.Collect$$_printf_percent$$00000000  c_w.l(_printf_percent.o)
    0x080001a0   0x00000006   Code   RO         1018    .ARM.Collect$$_printf_percent$$00000009  c_w.l(_printf_d.o)
    0x080001a6   0x00000006   Code   RO         1017    .ARM.Collect$$_printf_percent$$0000000C  c_w.l(_printf_x.o)
    0x080001ac   0x00000004   Code   RO         1187    .ARM.Collect$$_printf_percent$$00000017  c_w.l(_printf_percent_end.o)
    0x080001b0   0x00000002   Code   RO         1309    .ARM.Collect$$libinit$$00000000  c_w.l(libinit.o)
    0x080001b2   0x00000000   Code   RO         1319    .ARM.Collect$$libinit$$00000002  c_w.l(libinit2.o)
    0x080001b2   0x00000000   Code   RO         1321    .ARM.Collect$$libinit$$00000004  c_w.l(libinit2.o)
    0x080001b2   0x00000000   Code   RO         1324    .ARM.Collect$$libinit$$0000000A  c_w.l(libinit2.o)
    0x080001b2   0x00000000   Code   RO         1326    .ARM.Collect$$libinit$$0000000C  c_w.l(libinit2.o)
    0x080001b2   0x00000000   Code   RO         1328    .ARM.Collect$$libinit$$0000000E  c_w.l(libinit2.o)
    0x080001b2   0x00000000   Code   RO         1331    .ARM.Collect$$libinit$$00000011  c_w.l(libinit2.o)
    0x080001b2   0x00000000   Code   RO         1333    .ARM.Collect$$libinit$$00000013  c_w.l(libinit2.o)
    0x080001b2   0x00000000   Code   RO         1335    .ARM.Collect$$libinit$$00000015  c_w.l(libinit2.o)
    0x080001b2   0x00000000   Code   RO         1337    .ARM.Collect$$libinit$$00000017  c_w.l(libinit2.o)
    0x080001b2   0x00000000   Code   RO         1339    .ARM.Collect$$libinit$$00000019  c_w.l(libinit2.o)
    0x080001b2   0x00000000   Code   RO         1341    .ARM.Collect$$libinit$$0000001B  c_w.l(libinit2.o)
    0x080001b2   0x00000000   Code   RO         1343    .ARM.Collect$$libinit$$0000001D  c_w.l(libinit2.o)
    0x080001b2   0x00000000   Code   RO         1345    .ARM.Collect$$libinit$$0000001F  c_w.l(libinit2.o)
    0x080001b2   0x00000000   Code   RO         1347    .ARM.Collect$$libinit$$00000021  c_w.l(libinit2.o)
    0x080001b2   0x00000000   Code   RO         1349    .ARM.Collect$$libinit$$00000023  c_w.l(libinit2.o)
    0x080001b2   0x00000000   Code   RO         1351    .ARM.Collect$$libinit$$00000025  c_w.l(libinit2.o)
    0x080001b2   0x00000000   Code   RO         1355    .ARM.Collect$$libinit$$0000002C  c_w.l(libinit2.o)
    0x080001b2   0x00000000   Code   RO         1357    .ARM.Collect$$libinit$$0000002E  c_w.l(libinit2.o)
    0x080001b2   0x00000000   Code   RO         1359    .ARM.Collect$$libinit$$00000030  c_w.l(libinit2.o)
    0x080001b2   0x00000000   Code   RO         1361    .ARM.Collect$$libinit$$00000032  c_w.l(libinit2.o)
    0x080001b2   0x00000002   Code   RO         1362    .ARM.Collect$$libinit$$00000033  c_w.l(libinit2.o)
    0x080001b4   0x00000002   Code   RO         1392    .ARM.Collect$$libshutdown$$00000000  c_w.l(libshutdown.o)
    0x080001b6   0x00000000   Code   RO         1407    .ARM.Collect$$libshutdown$$00000003  c_w.l(libshutdown2.o)
    0x080001b6   0x00000000   Code   RO         1410    .ARM.Collect$$libshutdown$$00000006  c_w.l(libshutdown2.o)
    0x080001b6   0x00000000   Code   RO         1413    .ARM.Collect$$libshutdown$$00000009  c_w.l(libshutdown2.o)
    0x080001b6   0x00000000   Code   RO         1415    .ARM.Collect$$libshutdown$$0000000B  c_w.l(libshutdown2.o)
    0x080001b6   0x00000000   Code   RO         1418    .ARM.Collect$$libshutdown$$0000000E  c_w.l(libshutdown2.o)
    0x080001b6   0x00000002   Code   RO         1419    .ARM.Collect$$libshutdown$$0000000F  c_w.l(libshutdown2.o)
    0x080001b8   0x00000000   Code   RO         1178    .ARM.Collect$$rtentry$$00000000  c_w.l(__rtentry.o)
    0x080001b8   0x00000000   Code   RO         1260    .ARM.Collect$$rtentry$$00000002  c_w.l(__rtentry2.o)
    0x080001b8   0x00000006   Code   RO         1272    .ARM.Collect$$rtentry$$00000004  c_w.l(__rtentry4.o)
    0x080001be   0x00000000   Code   RO         1262    .ARM.Collect$$rtentry$$00000009  c_w.l(__rtentry2.o)
    0x080001be   0x00000004   Code   RO         1263    .ARM.Collect$$rtentry$$0000000A  c_w.l(__rtentry2.o)
    0x080001c2   0x00000000   Code   RO         1265    .ARM.Collect$$rtentry$$0000000C  c_w.l(__rtentry2.o)
    0x080001c2   0x00000008   Code   RO         1266    .ARM.Collect$$rtentry$$0000000D  c_w.l(__rtentry2.o)
    0x080001ca   0x00000002   Code   RO         1312    .ARM.Collect$$rtexit$$00000000  c_w.l(rtexit.o)
    0x080001cc   0x00000000   Code   RO         1366    .ARM.Collect$$rtexit$$00000002  c_w.l(rtexit2.o)
    0x080001cc   0x00000004   Code   RO         1367    .ARM.Collect$$rtexit$$00000003  c_w.l(rtexit2.o)
    0x080001d0   0x00000006   Code   RO         1368    .ARM.Collect$$rtexit$$00000004  c_w.l(rtexit2.o)
    0x080001d6   0x00000002   PAD
    0x080001d8   0x000001e0   Code   RO           17    .text               system_stm32f10x.o
    0x080003b8   0x00000040   Code   RO           90  * .text               startup_stm32f10x_md.o
    0x080003f8   0x000000b4   Code   RO           94    .text               delay.o
    0x080004ac   0x000001f0   Code   RO          219    .text               led.o
    0x0800069c   0x00000724   Code   RO          237    .text               mpu6050.o
    0x08000dc0   0x00000440   Code   RO          257    .text               iic.o
    0x08001200   0x0000016c   Code   RO          269    .text               tim.o
    0x0800136c   0x00000184   Code   RO          297    .text               moto.o
    0x080014f0   0x00000264   Code   RO          353    .text               stmflash.o
    0x08001754   0x000003a4   Code   RO          368    .text               uart1.o
    0x08001af8   0x000002ac   Code   RO          443    .text               bt.o
    0x08001da4   0x00000194   Code   RO          523    .text               main.o
    0x08001f38   0x000000ac   Code   RO          573    .text               stm32f10x_it.o
    0x08001fe4   0x0000021c   Code   RO          591    .text               sys_fun.o
    0x08002200   0x00000634   Code   RO          609    .text               commapp.o
    0x08002834   0x00000ae8   Code   RO          657    .text               imu.o
    0x0800331c   0x00000b6c   Code   RO          704    .text               filter.o
    0x08003e88   0x000003a8   Code   RO          735    .text               configtable.o
    0x08004230   0x000000dc   Code   RO          794    .text               misc.o
    0x0800430c   0x0000035c   Code   RO          806    .text               stm32f10x_gpio.o
    0x08004668   0x000003a4   Code   RO          818    .text               stm32f10x_rcc.o
    0x08004a0c   0x00000e1a   Code   RO          832    .text               stm32f10x_tim.o
    0x08005826   0x00000002   PAD
    0x08005828   0x00000408   Code   RO          844    .text               stm32f10x_usart.o
    0x08005c30   0x00000476   Code   RO          892    .text               control.o
    0x080060a6   0x00000002   Code   RO          964    .text               c_w.l(use_no_semi_2.o)
    0x080060a8   0x00000018   Code   RO          970    .text               c_w.l(noretval__2printf.o)
    0x080060c0   0x00000068   Code   RO          972    .text               c_w.l(__printf.o)
    0x08006128   0x00000078   Code   RO          974    .text               c_w.l(_printf_dec.o)
    0x080061a0   0x00000058   Code   RO          979    .text               c_w.l(_printf_hex_int.o)
    0x080061f8   0x0000003e   Code   RO         1020    .text               c_w.l(strlen.o)
    0x08006236   0x00000064   Code   RO         1022    .text               c_w.l(rt_memcpy_w.o)
    0x0800629a   0x00000006   Code   RO         1024    .text               c_w.l(heapauxi.o)
    0x080062a0   0x00000002   Code   RO         1176    .text               c_w.l(use_no_semi.o)
    0x080062a2   0x00000016   Code   RO         1181    .text               c_w.l(_rserrno.o)
    0x080062b8   0x000000b2   Code   RO         1183    .text               c_w.l(_printf_intcommon.o)
    0x0800636a   0x00000002   PAD
    0x0800636c   0x00000024   Code   RO         1185    .text               c_w.l(_printf_char_file.o)
    0x08006390   0x00000008   Code   RO         1281    .text               c_w.l(rt_errno_addr_intlibspace.o)
    0x08006398   0x00000030   Code   RO         1283    .text               c_w.l(_printf_char_common.o)
    0x080063c8   0x00000008   Code   RO         1285    .text               c_w.l(ferror.o)
    0x080063d0   0x00000008   Code   RO         1293    .text               c_w.l(libspace.o)
    0x080063d8   0x0000004a   Code   RO         1296    .text               c_w.l(sys_stackheap_outer.o)
    0x08006422   0x0000000c   Code   RO         1302    .text               c_w.l(exit.o)
    0x0800642e   0x00000026   Code   RO         1237    i.__ARM_fpclassifyf  m_ws.l(fpclassifyf.o)
    0x08006454   0x00000014   Code   RO          715    i.__ARM_isinff      filter.o
    0x08006468   0x0000000e   Code   RO          720    i.__ARM_isnanf      filter.o
    0x08006476   0x00000006   Code   RO         1240    i.__mathlib_flt_infnan  m_ws.l(funder.o)
    0x0800647c   0x00000008   Code   RO         1242    i.__mathlib_flt_invalid  m_ws.l(funder.o)
    0x08006484   0x0000000a   Code   RO         1245    i.__mathlib_flt_underflow  m_ws.l(funder.o)
    0x0800648e   0x00000002   PAD
    0x08006490   0x00000168   Code   RO         1256    i.__mathlib_rredf2  m_ws.l(rredf.o)
    0x080065f8   0x0000017c   Code   RO         1127    i.cosf              m_ws.l(cosf.o)
    0x08006774   0x00000188   Code   RO         1145    i.sinf              m_ws.l(sinf.o)
    0x080068fc   0x0000002c   Code   RO         1161    i.sqrtf             m_ws.l(sqrtf.o)
    0x08006928   0x00000174   Code   RO         1169    i.tanf              m_ws.l(tanf.o)
    0x08006a9c   0x00000062   Code   RO         1028    x$fpl$d2f           fz_ws.l(d2f.o)
    0x08006afe   0x00000018   Code   RO         1188    x$fpl$dcmpinf       fz_ws.l(dcmpi.o)
    0x08006b16   0x00000002   PAD
    0x08006b18   0x000002b0   Code   RO         1037    x$fpl$ddiv          fz_ws.l(ddiv.o)
    0x08006dc8   0x0000002e   Code   RO         1045    x$fpl$dflt          fz_ws.l(dflt_clz.o)
    0x08006df6   0x00000002   PAD
    0x08006df8   0x00000078   Code   RO         1050    x$fpl$dleqf         fz_ws.l(dleqf.o)
    0x08006e70   0x00000154   Code   RO         1052    x$fpl$dmul          fz_ws.l(dmul.o)
    0x08006fc4   0x0000009c   Code   RO         1190    x$fpl$dnaninf       fz_ws.l(dnaninf.o)
    0x08007060   0x0000000c   Code   RO         1192    x$fpl$dretinf       fz_ws.l(dretinf.o)
    0x0800706c   0x0000006c   Code   RO         1054    x$fpl$drleqf        fz_ws.l(drleqf.o)
    0x080070d8   0x00000056   Code   RO         1056    x$fpl$f2d           fz_ws.l(f2d.o)
    0x0800712e   0x00000002   PAD
    0x08007130   0x000000c4   Code   RO         1058    x$fpl$fadd          fz_ws.l(faddsub_clz.o)
    0x080071f4   0x0000000c   Code   RO         1291    x$fpl$fcheck1       fz_ws.l(fcheck1.o)
    0x08007200   0x00000018   Code   RO         1196    x$fpl$fcmpinf       fz_ws.l(fcmpi.o)
    0x08007218   0x00000184   Code   RO         1065    x$fpl$fdiv          fz_ws.l(fdiv.o)
    0x0800739c   0x00000036   Code   RO         1070    x$fpl$ffix          fz_ws.l(ffix.o)
    0x080073d2   0x00000002   PAD
    0x080073d4   0x0000003e   Code   RO         1074    x$fpl$ffixu         fz_ws.l(ffixu.o)
    0x08007412   0x00000002   PAD
    0x08007414   0x00000030   Code   RO         1079    x$fpl$fflt          fz_ws.l(fflt_clz.o)
    0x08007444   0x00000026   Code   RO         1078    x$fpl$ffltu         fz_ws.l(fflt_clz.o)
    0x0800746a   0x00000002   PAD
    0x0800746c   0x00000068   Code   RO         1086    x$fpl$fleqf         fz_ws.l(fleqf.o)
    0x080074d4   0x00000102   Code   RO         1088    x$fpl$fmul          fz_ws.l(fmul.o)
    0x080075d6   0x0000008c   Code   RO         1198    x$fpl$fnaninf       fz_ws.l(fnaninf.o)
    0x08007662   0x0000000a   Code   RO         1200    x$fpl$fretinf       fz_ws.l(fretinf.o)
    0x0800766c   0x00000062   Code   RO         1090    x$fpl$frleqf        fz_ws.l(frleqf.o)
    0x080076ce   0x00000002   PAD
    0x080076d0   0x00000060   Code   RO         1202    x$fpl$frnd          fz_ws.l(frnd.o)
    0x08007730   0x00000014   Code   RO         1059    x$fpl$frsb          fz_ws.l(faddsub_clz.o)
    0x08007744   0x00000110   Code   RO         1204    x$fpl$fsqrt         fz_ws.l(fsqrt.o)
    0x08007854   0x000000ea   Code   RO         1060    x$fpl$fsub          fz_ws.l(faddsub_clz.o)
    0x0800793e   0x00000064   Code   RO         1310    x$fpl$retnan        fz_ws.l(retnan.o)
    0x080079a2   0x0000004c   Code   RO         1208    x$fpl$scalbnf       fz_ws.l(scalbnf.o)
    0x080079ee   0x00000030   Code   RO         1363    x$fpl$trapveneer    fz_ws.l(trapv.o)
    0x08007a1e   0x00000000   Code   RO         1210    x$fpl$usenofp       fz_ws.l(usenofp.o)
    0x08007a1e   0x00000064   Data   RO          445    .constdata          bt.o
    0x08007a82   0x00000028   Data   RO          980    .constdata          c_w.l(_printf_hex_int.o)
    0x08007aaa   0x00000002   PAD
    0x08007aac   0x00000020   Data   RO         1257    .constdata          m_ws.l(rredf.o)
    0x08007acc   0x00000020   Data   RO         1437    Region$$Table       anon$$obj.o


    Execution Region ER_RW (Base: 0x20000000, Size: 0x00000234, Max: 0xffffffff, ABSOLUTE, COMPRESSED[0x00000054])

    Base Addr    Size         Type   Attr      Idx    E Section Name        Object

    0x20000000   0x00000014   Data   RW           18    .data               system_stm32f10x.o
    0x20000014   0x00000004   Data   RW           95    .data               delay.o
    0x20000018   0x00000005   Data   RW          220    .data               led.o
    0x2000001d   0x00000003   PAD
    0x20000020   0x00000028   Data   RW          271    .data               tim.o
    0x20000048   0x00000005   Data   RW          317    .data               nrf24l01.o
    0x2000004d   0x00000003   PAD
    0x20000050   0x00000005   Data   RW          370    .data               uart1.o
    0x20000055   0x00000003   PAD
    0x20000058   0x00000050   Data   RW          446    .data               bt.o
    0x200000a8   0x00000008   Data   RW          574    .data               stm32f10x_it.o
    0x200000b0   0x00000001   Data   RW          592    .data               sys_fun.o
    0x200000b1   0x00000003   PAD
    0x200000b4   0x00000019   Data   RW          612    .data               commapp.o
    0x200000cd   0x00000001   PAD
    0x200000ce   0x00000009   Data   RW          659    .data               imu.o
    0x200000d7   0x00000001   PAD
    0x200000d8   0x000000c0   Data   RW          705    .data               filter.o
    0x20000198   0x00000014   Data   RW          819    .data               stm32f10x_rcc.o
    0x200001ac   0x00000078   Data   RW          895    .data               control.o
    0x20000224   0x00000010   Data   RW          931    .data               receivedata.o


    Execution Region ER_ZI (Base: 0x20000234, Size: 0x000010fc, Max: 0xffffffff, ABSOLUTE)

    Base Addr    Size         Type   Attr      Idx    E Section Name        Object

    0x20000234   0x000000b2   Zero   RW          238    .bss                mpu6050.o
    0x200002e6   0x00000400   Zero   RW          354    .bss                stmflash.o
    0x200006e6   0x00000002   PAD
    0x200006e8   0x00000118   Zero   RW          369    .bss                uart1.o
    0x20000800   0x000000ac   Zero   RW          405    .bss                dmp.o
    0x200008ac   0x00000030   Zero   RW          444    .bss                bt.o
    0x200008dc   0x00000020   Zero   RW          506    .bss                battery.o
    0x200008fc   0x0000003c   Zero   RW          524    .bss                main.o
    0x20000938   0x00000020   Zero   RW          610    .bss                commapp.o
    0x20000958   0x000000d8   Zero   RW          658    .bss                imu.o
    0x20000a30   0x00000048   Zero   RW          681    .bss                altitude.o
    0x20000a78   0x000000a4   Zero   RW          736    .bss                configtable.o
    0x20000b1c   0x000001a4   Zero   RW          893    .bss                control.o
    0x20000cc0   0x00000010   Zero   RW          930    .bss                receivedata.o
    0x20000cd0   0x00000060   Zero   RW         1294    .bss                c_w.l(libspace.o)
    0x20000d30   0x00000200   Zero   RW           88    HEAP                startup_stm32f10x_md.o
    0x20000f30   0x00000400   Zero   RW           87    STACK               startup_stm32f10x_md.o


==============================================================================

Image component sizes


      Code (inc. data)   RO Data    RW Data    ZI Data      Debug   Object Name

         0          0          0          0         72       1155   altitude.o
         0          0          0          0         32        686   battery.o
       684        204        100         80         48       3475   bt.o
      1588        160          0         25         32       2845   commapp.o
       936        184          0          0        164       2848   configtable.o
      1142         96          0        120        420       6202   control.o
         0          0          0          0          0       4524   core_cm3.o
       180         44          0          4          0     204437   delay.o
         0          0          0          0        172       3615   dmp.o
      2958        268          0        192          0       6689   filter.o
      1088         42          0          0          0       4505   iic.o
      2792        100          0          9        216       6895   imu.o
       496         30          0          5          0       2429   led.o
       404         54          0          0         60      16506   main.o
       220         22          0          0          0       1629   misc.o
       388         44          0          0          0       1050   moto.o
      1828         66          0          0        178      13199   mpu6050.o
         0          0          0          5          0        717   nrf24l01.o
         0          0          0         16         16       1343   receivedata.o
        64         26        236          0       1536        748   startup_stm32f10x_md.o
       860         38          0          0          0       5481   stm32f10x_gpio.o
       172         12          0          8          0       2393   stm32f10x_it.o
       932         36          0         20          0       8592   stm32f10x_rcc.o
      3610         88          0          0          0      21964   stm32f10x_tim.o
      1032         22          0          0          0       8200   stm32f10x_usart.o
       612         52          0          0       1024       3683   stmflash.o
       540         28          0          1          0       1540   sys_fun.o
       480         38          0         20          0      44871   system_stm32f10x.o
       364         64          0         40          0       2370   tim.o
       932         98          0          5        280       6101   uart1.o

    ----------------------------------------------------------------------
     24304       1816        368        564       4252     390692   Object Totals
         0          0         32          0          0          0   (incl. Generated)
         2          0          0         14          2          0   (incl. Padding)

    ----------------------------------------------------------------------

      Code (inc. data)   RO Data    RW Data    ZI Data      Debug   Library Member Name

        90          0          0          0          0          0   __dczerorl2.o
         8          0          0          0          0         68   __main.o
       104          0          0          0          0         84   __printf.o
         0          0          0          0          0          0   __rtentry.o
        12          0          0          0          0          0   __rtentry2.o
         6          0          0          0          0          0   __rtentry4.o
        52          8          0          0          0          0   __scatter.o
        28          0          0          0          0          0   __scatter_zi.o
        48          6          0          0          0         96   _printf_char_common.o
        36          4          0          0          0         80   _printf_char_file.o
         6          0          0          0          0          0   _printf_d.o
       120         16          0          0          0         92   _printf_dec.o
        88          4         40          0          0         88   _printf_hex_int.o
       178          0          0          0          0         88   _printf_intcommon.o
         0          0          0          0          0          0   _printf_percent.o
         4          0          0          0          0          0   _printf_percent_end.o
         6          0          0          0          0          0   _printf_x.o
        22          0          0          0          0        100   _rserrno.o
        12          0          0          0          0         72   exit.o
         8          0          0          0          0         68   ferror.o
         6          0          0          0          0        152   heapauxi.o
         2          0          0          0          0          0   libinit.o
         2          0          0          0          0          0   libinit2.o
         2          0          0          0          0          0   libshutdown.o
         2          0          0          0          0          0   libshutdown2.o
         8          4          0          0         96         68   libspace.o
        24          4          0          0          0         84   noretval__2printf.o
         8          4          0          0          0         68   rt_errno_addr_intlibspace.o
       100          0          0          0          0         80   rt_memcpy_w.o
         2          0          0          0          0          0   rtexit.o
        10          0          0          0          0          0   rtexit2.o
        62          0          0          0          0         76   strlen.o
        74          0          0          0          0         80   sys_stackheap_outer.o
         2          0          0          0          0         68   use_no_semi.o
         2          0          0          0          0         68   use_no_semi_2.o
        98          4          0          0          0         92   d2f.o
        24          0          0          0          0         68   dcmpi.o
       688        140          0          0          0        208   ddiv.o
        46          0          0          0          0         68   dflt_clz.o
       120          4          0          0          0         92   dleqf.o
       340         12          0          0          0        104   dmul.o
       156          4          0          0          0         92   dnaninf.o
        12          0          0          0          0         68   dretinf.o
       108          0          0          0          0         80   drleqf.o
        86          4          0          0          0         84   f2d.o
       450          8          0          0          0        236   faddsub_clz.o
        12          4          0          0          0         68   fcheck1.o
        24          0          0          0          0         68   fcmpi.o
       388         76          0          0          0         96   fdiv.o
        54          4          0          0          0         84   ffix.o
        62          4          0          0          0         84   ffixu.o
        86          0          0          0          0        136   fflt_clz.o
       104          4          0          0          0         84   fleqf.o
       258          4          0          0          0         84   fmul.o
       140          4          0          0          0         84   fnaninf.o
        10          0          0          0          0         68   fretinf.o
        98          0          0          0          0         68   frleqf.o
        96          4          0          0          0         76   frnd.o
       272        100          0          0          0         88   fsqrt.o
       100          0          0          0          0         68   retnan.o
        76          0          0          0          0         68   scalbnf.o
        48          0          0          0          0         68   trapv.o
         0          0          0          0          0          0   usenofp.o
       380         52          0          0          0        124   cosf.o
        38          0          0          0          0         68   fpclassifyf.o
        24          0          0          0          0        204   funder.o
       360         16         32          0          0         88   rredf.o
       392         54          0          0          0        124   sinf.o
        44          0          0          0          0         80   sqrtf.o
       372         58          0          0          0        124   tanf.o

    ----------------------------------------------------------------------
      6722        610         74          0         96       4876   Library Totals
        22          0          2          0          0          0   (incl. Padding)

    ----------------------------------------------------------------------

      Code (inc. data)   RO Data    RW Data    ZI Data      Debug   Library Name

      1134         50         40          0         96       1580   c_w.l
      3956        380          0          0          0       2484   fz_ws.l
      1610        180         32          0          0        812   m_ws.l

    ----------------------------------------------------------------------
      6722        610         74          0         96       4876   Library Totals

    ----------------------------------------------------------------------

==============================================================================


      Code (inc. data)   RO Data    RW Data    ZI Data      Debug   

     31026       2426        442        564       4348     390572   Grand Totals
     31026       2426        442         84       4348     390572   ELF Image Totals (compressed)
     31026       2426        442         84          0          0   ROM Totals

==============================================================================

    Total RO  Size (Code + RO Data)                31468 (  30.73kB)
    Total RW  Size (RW Data + ZI Data)              4912 (   4.80kB)
    Total ROM Size (Code + RO Data + RW Data)      31552 (  30.81kB)

==============================================================================

